<!doctype html>
<html lang="en">

<head>

<meta charset="utf-8">
<meta name="viewport" content="width=device-width, initial-scale=1, shrink-to-fit=no">
<link rel="stylesheet"
      href="https://maxcdn.bootstrapcdn.com/bootstrap/4.0.0/css/bootstrap.min.css"
      integrity="sha384-Gn5384xqQ1aoWXA+058RXPxPg6fy4IWvTNh0E263XmFcJlSAwiGgFAW/dAiS6JXm"
      crossorigin="anonymous">
<link rel="stylesheet"
      href="https://cdnjs.cloudflare.com/ajax/libs/open-iconic/1.1.1/font/css/open-iconic-bootstrap.min.css">
<title>Fairylab | git</title>

<style>
html {
  position: relative;
  min-height: 100%;
}
body {
  margin-bottom: 60px;
}
header {
  background-color: #f5f5f5;
  width: 100%;
}
footer {
  background-color: #f5f5f5;
  bottom: 0;
  height: 60px;
  line-height: 60px;
  position: absolute;
  width: 100%;
}
a.disabled{
  pointer-events: none;
  cursor: default;
}
.alert, .dropdown-toggle, .form-control {
  padding: .75rem;
}
.alert .oi {
  line-height: 24px;
  padding-right: .75rem;
}
.anchor {
  padding-top: 0px;
  margin-top: 0px;
  transition: padding-top .35s ease, margin-top .35s ease;
}
.breadcrumb {
  background-color: inherit;
  line-height: 60px;
  max-width: 468px;
  overflow-x: auto;
}
@media (max-width: 560px) {
  .breadcrumb {
    max-width: 428px;
  }
}
@media (max-width: 512px) {
  .breadcrumb {
    max-width: 380px;
  }
}
@media (max-width: 464px) {
  .breadcrumb {
    max-width: 332px;
  }
}
@media (max-width: 416px) {
  .breadcrumb {
    max-width: 284px;
  }
}
@media (max-width: 368px) {
  .breadcrumb {
    max-width: 236px;
  }
}
.dropdown-toggle {
  color: #6c767c;
}
.flex-grow {
  flex-grow: 1;
}
.left-8p {
  left: 8px;
}
.navbar {
  padding: 0;
}
.navbar-nav {
  padding: .5rem 0;
}
.navbar .nav-link {
  padding: .5rem;
  cursor: pointer;
}
.pl-24p {
  padding-left: 24px;
}
.pr-24p {
  padding-right: 24px;
}
.right-8p {
  right: 8px;
}
.table, .table-sm {
  margin-bottom: 0;
  word-break: break-word;
}
.table .thead-light td {
  background-color: #f5f5f5;
}
.table-fixed {
  table-layout: fixed;
}
.table-sm td {
  border-top: 0;
  padding: 0 .3rem 0 0;
}
.table .td-sm {
  padding: .75rem .25rem;
}
.table.collapse.show {
  display: table;
}
.top-14p {
  top: 14px;
}
.w-10 {
  width: 10%;
}
.w-20 {
  width: 20%;
}
.w-40 {
  width: 40%;
}
.w-55p {
  width: 55px;
}
.w-65p {
  width: 65px;
}
.w-75p {
  width: 75px;
}
.w-105p {
  width: 105px;
}
</style>
</head>

<body>

<!-- ^(base.header) -->
<header class="border-bottom sticky-top">
<div class="container">
<nav class="navbar navbar-light border-bottom" aria-label="nav">
<ol class="breadcrumb flex-nowrap text-truncate m-0 p-0">
<li class="breadcrumb-item">
<a href="/">Fairylab</a>
</li>
<li class="breadcrumb-item active" aria-current="page">Git</li>
</ol>

<!-- ^(common.nav) -->
<button class="navbar-toggler border-0" type="button" data-toggle="collapse"
        data-target="#nav-dropdown" aria-controls="#nav-dropdown"
        aria-expanded="false" aria-label="nav toggler">
<span class="navbar-toggler-icon"></span>
</button>
<div class="collapse navbar-collapse border-top" id="nav-dropdown">
<ul class="navbar-nav">
<li class="nav-item">
<a class="nav-link" href="#pull">Pull</a>
</li>
<li class="nav-item">
<a class="nav-link" href="#push">Push</a>
</li>
</ul>
</div>
<!-- $(common.nav) -->

</nav>

<div class="my-1">
<small class="text-muted">Last reloaded: 06:02:30 PDT (1985-10-26)</small>
</div>

</div>
</header>
<!-- $(base.header) -->

<!-- ^(base.main) -->
<main role="main" class="pb-3">

<!-- ^(git.pull) -->
<div class="container anchor" id="pull">

<!-- ^(common.heading) -->
<div class="row">
<div class="col-12">
<div class="alert alert-secondary mt-3 mb-0">
<span class="oi oi-data-transfer-download text-secondary"></span>Pull
</div>
</div>
</div>
<!-- $(common.heading) -->

<!-- ^(git.row) -->
<div class="row">

<!-- ^(git.column) -->
<div class="col-12">

<!-- ^(common.table) -->
<table class="table border mt-3">

<!-- ^(common.table.head) -->
<thead class="thead-light">
<tr>
<td scope="col" colspan="2">Range</td>
</tr>
</thead>
<!-- $(common.table.head) -->

<!-- ^(common.table.body) -->
<tbody>
<tr>
<td scope="row"><span class="d-inline-block w-65p"><a href="https://github.com/brunner/filefairy/commit/ebf3b76317d286fdccc314fa2865e351f56e04ad">ebf3b76</a></span> ... <span class="d-inline-block text-right w-65p"><a href="https://github.com/brunner/filefairy/commit/4ce85e1b709a23532c37a27b6066e0ac131527d4">4ce85e1</a></span></td>
<td class="text-right">Jun 14 22:11</td>
</tr>
</tbody>
<!-- $(common.table.body) -->

</table>
<!-- $(common.table) -->

</div>
<!-- $(git.column) -->

</div>
<!-- $(git.row) -->

</div>
<!-- $(git.pull) -->

<!-- ^(git.push) -->
<div class="container anchor" id="push">

<!-- ^(common.heading) -->
<div class="row">
<div class="col-12">
<div class="alert alert-secondary mt-3 mb-0">
<span class="oi oi-data-transfer-upload text-secondary"></span>Push
</div>
</div>
</div>
<!-- $(common.heading) -->

<!-- ^(git.row) -->
<div class="row">

<!-- ^(git.column) -->
<div class="col-12">

<!-- ^(common.table) -->
<table class="table border mt-3">

<!-- ^(common.table.head) -->
<thead class="thead-light">
<tr>
<td scope="col" colspan="2">Range</td>
</tr>
</thead>
<!-- $(common.table.head) -->

<!-- ^(common.table.body) -->
<tbody>
<tr>
<td scope="row"><span class="d-inline-block w-65p"><a href="https://github.com/brunner/filefairy/commit/d03805db8a1b2d03ab77b47f0f20a5669a0a6c4c">d03805d</a></span> ... <span class="d-inline-block text-right w-65p"><a href="https://github.com/brunner/filefairy/commit/fd1bc5566e1ee5439874244898240bf48c22a7e0">fd1bc55</a></span></td>
<td class="text-right">Jun 14 00:01</td>
</tr>
</tbody>
<!-- $(common.table.body) -->

</table>
<!-- $(common.table) -->

</div>
<!-- $(git.column) -->

</div>
<!-- $(git.row) -->

</div>
<!-- $(git.pull) -->

</main>
<!-- $(base.main) -->

<script src="https://code.jquery.com/jquery-3.2.1.slim.min.js"
        integrity="sha384-KJ3o2DKtIkvYIK3UENzmM7KCkRr/rE9/Qpg6aAZGJwFDMVNA/GpGFF93hXpG5KkN"
        crossorigin="anonymous"></script>
<script src="https://cdnjs.cloudflare.com/ajax/libs/popper.js/1.12.9/umd/popper.min.js"
        integrity="sha384-ApNbgh9B+Y1QKtv3Rn7W3mgPxhU9K/ScQsAP7hUibX39j7fakFPskvXusvfa0b4Q"
        crossorigin="anonymous"></script>
<script src="https://maxcdn.bootstrapcdn.com/bootstrap/4.0.0-beta.3/js/bootstrap.min.js"
        integrity="sha384-a5N7Y/aK3qNeh15eJKGWxsqtnX/wWdSZSKp+81YjTmS15nvnvxKHuzaWwXHDli+4"
        crossorigin="anonymous"></script>
<script>
$('.navbar-toggler').one('click', function(e) {
  setTimeout(function() {
    var height = $('header').height() + 1;
    var css = '<style> .anchor.offset { padding-top: %spx; margin-top: -%spx; } </style>';
    $(css.replace(/%s/g, height)).appendTo('head');
  }, 500);
});
$('.navbar-toggler').on('click', function(e) {
  $('.anchor').toggleClass('offset');
});
$('.repl-toggler').on('click', function(e) {
  if ($(this).hasClass('disabled')) {
    e.preventDefault();
  } else {
    $(this).toggleClass('disabled text-secondary');
    $(this).html($(this).data('repl'));
  }
});
$('.show-toggler').on('click', function(e) {
  $(this).toggleClass('border-bottom-0');
});
</script>


</body>

</html>