<!doctype html>
<html lang="en">

<head>
  <meta charset="utf-8">
  <meta name="viewport" content="width=device-width, initial-scale=1, shrink-to-fit=no">
  <link rel="stylesheet"
        href="https://maxcdn.bootstrapcdn.com/bootstrap/4.0.0/css/bootstrap.min.css"
        integrity="sha384-Gn5384xqQ1aoWXA+058RXPxPg6fy4IWvTNh0E263XmFcJlSAwiGgFAW/dAiS6JXm"
        crossorigin="anonymous">
  <link rel="stylesheet"
        href="https://cdnjs.cloudflare.com/ajax/libs/open-iconic/1.1.1/font/css/open-iconic-bootstrap.min.css">
  <title>Fairylab | exports</title>
  <style>
    html {
      position: relative;
      min-height: 100%;
    }
    body {
      margin: 60px 0;
    }
    header, footer {
      position: absolute;
      width: 100%;
      height: 60px;
      line-height: 60px;
      background-color: #f5f5f5;
    }
    header {
      top: 0;
    }
    footer {
      bottom: 0;
    }
    .alert, .form-control {
      padding: .75rem;
    }
    .alert .oi {
      line-height: 24px;
      padding-right: .75rem;
    }
    .breadcrumb {
      background-color: inherit;
    }
    .flex-grow {
      flex-grow: 1;
    }
    .table, .table-sm {
      margin-bottom: 0;
    }
    .table .thead-light td {
      background-color: #f5f5f5;
    }
    .table-sm td {
      border-top: 0;
      padding: 0 .3rem 0 0;
    }
  </style>
</head>

<body>
  <header class="border-bottom">
    <div class="container">
      <nav aria-label="breadcrumb">
        <ol class="breadcrumb m-0 p-0">
          <li class="breadcrumb-item">
            <a href="/fairylab/">Home</a>
          </li>
          <li class="breadcrumb-item active"
              aria-current="page">Exports</li>
        </ol>
      </nav>
    </div>
  </header>
  <main role="main" class="pb-3">
    <div class="container">
      <div class="row">
        <div class="col-12">
          <div class="alert alert-secondary mt-3 mb-0">
            <span class="oi oi-cloud-upload text-secondary"></span>Tracker
          </div>
        </div>
      </div>
      <div class="row">
        <div class="col-12">
          <table class="table border mt-3">
            <thead class="thead-light">
              <tr>
                <td scope="col">AL East</td>
                <td scope="col" class="text-center w-25">Last 10</td>
                <td scope="col" class="text-center w-25">Streak</td>
              </tr>
            </thead>
            <tbody>
              <tr>
                <td scope="row">BOS</td>
                <td class="text-center w-25">10 - 0</td>
                <td class="text-center w-25">W10</td>
              </tr>
              <tr>
                <td scope="row">NYY</td>
                <td class="text-center w-25">10 - 0</td>
                <td class="text-center w-25">W10</td>
              </tr>
              <tr>
                <td scope="row">TB</td>
                <td class="text-center w-25">10 - 0</td>
                <td class="text-center w-25">W10</td>
              </tr>
              <tr>
                <td scope="row">TOR</td>
                <td class="text-center w-25">9 - 1</td>
                <td class="text-center w-25">W4</td>
              </tr>
              <tr>
                <td scope="row">BAL</td>
                <td class="text-center w-25">6-4</td>
                <td class="text-center w-25">W1</td>
              </tr>
            </tbody>
          </table>
        </div>
      </div>
      <div class="row">
        <div class="col-12">
          <table class="table border mt-3">
            <thead class="thead-light">
              <tr>
                <td scope="col">AL Central</td>
                <td scope="col" class="text-center w-25">Last 10</td>
                <td scope="col" class="text-center w-25">Streak</td>
              </tr>
            </thead>
            <tbody>
              <tr>
                <td scope="row">DET</td>
                <td class="text-center w-25">10 - 0</td>
                <td class="text-center w-25">W10</td>
              </tr>
              <tr>
                <td scope="row">MIN</td>
                <td class="text-center w-25">10 - 0</td>
                <td class="text-center w-25">W10</td>
              </tr>
              <tr>
                <td scope="row">KC</td>
                <td class="text-center w-25">9 - 1</td>
                <td class="text-center w-25">W5</td>
              </tr>
              <tr>
                <td scope="row">CWS</td>
                <td class="text-center w-25">9 - 1</td>
                <td class="text-center w-25">L1</td>
              </tr>
              <tr>
                <td scope="row">CLE</td>
                <td class="text-center w-25">8 - 2</td>
                <td class="text-center w-25">W2</td>
              </tr>
            </tbody>
          </table>
        </div>
      </div>
    </div>
  </main>
  <footer class="border-top">
    <div class="container text-center">
      <small class="text-muted">Last reloaded: 1985-10-26 06:02:30 PST</small>
    </div>
  </footer>

  <script src="https://code.jquery.com/jquery-3.2.1.slim.min.js"
          integrity="sha384-KJ3o2DKtIkvYIK3UENzmM7KCkRr/rE9/Qpg6aAZGJwFDMVNA/GpGFF93hXpG5KkN"
          crossorigin="anonymous"></script>
  <script src="https://cdnjs.cloudflare.com/ajax/libs/popper.js/1.12.9/umd/popper.min.js"
          integrity="sha384-ApNbgh9B+Y1QKtv3Rn7W3mgPxhU9K/ScQsAP7hUibX39j7fakFPskvXusvfa0b4Q"
          crossorigin="anonymous"></script>
  <script src="https://maxcdn.bootstrapcdn.com/bootstrap/4.0.0-beta.3/js/bootstrap.min.js"
          integrity="sha384-a5N7Y/aK3qNeh15eJKGWxsqtnX/wWdSZSKp+81YjTmS15nvnvxKHuzaWwXHDli+4"
          crossorigin="anonymous"></script>
</body>

</html>