<!doctype html>
<html lang="en">

<head>

<meta charset="utf-8">
<meta name="viewport" content="width=device-width, initial-scale=1, shrink-to-fit=no">
<link rel="stylesheet"
      href="https://maxcdn.bootstrapcdn.com/bootstrap/4.0.0/css/bootstrap.min.css"
      integrity="sha384-Gn5384xqQ1aoWXA+058RXPxPg6fy4IWvTNh0E263XmFcJlSAwiGgFAW/dAiS6JXm"
      crossorigin="anonymous">
<link rel="stylesheet"
      href="https://cdnjs.cloudflare.com/ajax/libs/open-iconic/1.1.1/font/css/open-iconic-bootstrap.min.css">
<title>Fairylab | gameday</title>

<style>
html {
  position: relative;
  min-height: 100%;
}
body {
  margin-bottom: 60px;
}
header {
  background-color: #f5f5f5;
  width: 100%;
}
a.disabled{
  pointer-events: none;
  cursor: default;
}
.alert, .dropdown-toggle, .form-control {
  padding: .75rem;
}
.alert .oi {
  line-height: 24px;
  padding-right: .75rem;
}
.anchor {
  padding-top: 0px;
  margin-top: 0px;
  transition: padding-top .35s ease, margin-top .35s ease;
}
.breadcrumb {
  background-color: inherit;
  line-height: 60px;
  max-width: 468px;
  overflow-x: auto;
}
.dropdown-toggle {
  color: #6c767c;
}
.flex-grow {
  flex-grow: 1;
}
.left-8p {
  left: 8px;
}
.navbar {
  padding: 0;
}
.pl-24p {
  padding-left: 24px;
}
.pr-24p {
  padding-right: 24px;
}
.right-8p {
  right: 8px;
}
.table, .table-sm {
  margin-bottom: 0;
  word-break: break-word;
}
.table .thead-light td {
  background-color: #f5f5f5;
}
.table-fixed {
  table-layout: fixed;
}
.table-sm td {
  border-top: 0;
  padding: 0 .3rem 0 0;
}
.table .td-sm {
  padding: .75rem .25rem;
}
.table.collapse.show {
  display: table;
}
.top-14p {
  top: 14px;
}
.w-10 {
  width: 10%;
}
.w-20 {
  width: 20%;
}
.w-40 {
  width: 40%;
}
.w-55p {
  width: 55px;
}
.w-65p {
  width: 65px;
}
.w-75p {
  width: 75px;
}
.w-105p {
  width: 105px;
}
</style>
</head>

<body>

<!-- ^(base.header) -->
<header class="border-bottom sticky-top">
<div class="container">
<nav class="navbar navbar-light border-bottom" aria-label="nav">
<ol class="breadcrumb flex-nowrap text-truncate m-0 p-0">
<li class="breadcrumb-item">
<a href="/">Fairylab</a>
</li>
<li class="breadcrumb-item active" aria-current="page">Gameday</li>
</ol>
</nav>

<div class="my-1">
<small class="text-muted">Last reloaded: 06:02:30 PDT (1985-10-26)</small>
</div>

</div>
</header>
<!-- $(base.header) -->

<!-- ^(base.main) -->
<main role="main" class="pb-3">

<!-- ^(gameday.schedule) -->
<div class="container anchor" id="schedule">

<!-- ^(common.heading) -->
<div class="row">
<div class="col-12">
<div class="alert alert-secondary mt-3 mb-0">
<span class="oi oi-calendar text-secondary"></span>Schedule
</div>
</div>
</div>
<!-- $(common.heading) -->

<!-- ^(gameday.row) -->
<div class="row">

<!-- ^(gameday.column) -->
<div class="col-12">

<!-- ^(common.table) -->
<table class="table table-fixed border border-bottom-0 mt-3">

<!-- ^(common.table.head) -->
<thead class="thead-light">
<tr>
<td scope="col">American League East</td>
</tr>
</thead>
<!-- $(common.table.head) -->

</table>
<!-- $(common.table) -->

<!-- ^(common.table) -->
<table class="table table-fixed border">

<!-- ^(common.table.body) -->
<tbody>
<tr>
<td scope="row" class="position-relative text-truncate"><img src="https://orangeandblueleaguebaseball.com/StatsLab/reports/news/html/images/team_logos/baltimore_orioles_40.png" width="20" height="20" border="0" class="position-absolute left-8p top-14p"><span class="align-middle d-block text-truncate pl-24p"><a href="/gameday/1/">Baltimore Orioles</a></span></td>
</tr>
<tr>
<td scope="row" class="position-relative text-truncate"><img src="https://orangeandblueleaguebaseball.com/StatsLab/reports/news/html/images/team_logos/boston_red_sox_40.png" width="20" height="20" border="0" class="position-absolute left-8p top-14p"><span class="align-middle d-block text-truncate pl-24p"><a href="/gameday/2/">Boston Red Sox</a></span></td>
</tr>
<tr>
<td scope="row" class="position-relative text-truncate"><img src="https://orangeandblueleaguebaseball.com/StatsLab/reports/news/html/images/team_logos/new_york_yankees_40.png" width="20" height="20" border="0" class="position-absolute left-8p top-14p"><span class="align-middle d-block text-truncate pl-24p"><a href="/gameday/3/">New York Yankees</a></span></td>
</tr>
<tr>
<td scope="row" class="position-relative text-truncate"><img src="https://orangeandblueleaguebaseball.com/StatsLab/reports/news/html/images/team_logos/tampa_bay_rays_40.png" width="20" height="20" border="0" class="position-absolute left-8p top-14p"><span class="align-middle d-block text-truncate pl-24p"><a href="/gameday/4/">Tampa Bay Rays</a></span></td>
</tr>
<tr>
<td scope="row" class="position-relative text-truncate"><img src="https://orangeandblueleaguebaseball.com/StatsLab/reports/news/html/images/team_logos/toronto_blue_jays_40.png" width="20" height="20" border="0" class="position-absolute left-8p top-14p"><span class="align-middle d-block text-truncate pl-24p"><a href="/gameday/5/">Toronto Blue Jays</a></span></td>
</tr>
</tbody>
<!-- $(common.table.body) -->

</table>
<!-- $(common.table) -->

<!-- ^(common.table) -->
<table class="table table-fixed border border-bottom-0 mt-3">

<!-- ^(common.table.head) -->
<thead class="thead-light">
<tr>
<td scope="col">American League Central</td>
</tr>
</thead>
<!-- $(common.table.head) -->

</table>
<!-- $(common.table) -->

<!-- ^(common.table) -->
<table class="table table-fixed border">

<!-- ^(common.table.body) -->
<tbody>
<tr>
<td scope="row" class="position-relative text-truncate"><img src="https://orangeandblueleaguebaseball.com/StatsLab/reports/news/html/images/team_logos/chicago_white_sox_40.png" width="20" height="20" border="0" class="position-absolute left-8p top-14p"><span class="align-middle d-block text-truncate pl-24p"><a href="/gameday/1/">Chicago White Sox</a></span></td>
</tr>
<tr>
<td scope="row" class="position-relative text-truncate"><img src="https://orangeandblueleaguebaseball.com/StatsLab/reports/news/html/images/team_logos/cleveland_indians_40.png" width="20" height="20" border="0" class="position-absolute left-8p top-14p"><span class="align-middle d-block text-truncate pl-24p"><a href="/gameday/2/">Cleveland Indians</a></span></td>
</tr>
<tr>
<td scope="row" class="position-relative text-truncate"><img src="https://orangeandblueleaguebaseball.com/StatsLab/reports/news/html/images/team_logos/detroit_tigers_40.png" width="20" height="20" border="0" class="position-absolute left-8p top-14p"><span class="align-middle d-block text-truncate pl-24p"><a href="/gameday/3/">Detroit Tigers</a></span></td>
</tr>
<tr>
<td scope="row" class="position-relative text-truncate"><img src="https://orangeandblueleaguebaseball.com/StatsLab/reports/news/html/images/team_logos/kansas_city_royals_40.png" width="20" height="20" border="0" class="position-absolute left-8p top-14p"><span class="align-middle d-block text-truncate pl-24p"><a href="/gameday/4/">Kansas City Royals</a></span></td>
</tr>
<tr>
<td scope="row" class="position-relative text-truncate"><img src="https://orangeandblueleaguebaseball.com/StatsLab/reports/news/html/images/team_logos/minnesota_twins_40.png" width="20" height="20" border="0" class="position-absolute left-8p top-14p"><span class="align-middle d-block text-truncate pl-24p"><a href="/gameday/5/">Minnesota Twins</a></span></td>
</tr>
</tbody>
<!-- $(common.table.body) -->

</table>
<!-- $(common.table) -->

<!-- ^(common.table) -->
<table class="table table-fixed border border-bottom-0 mt-3">

<!-- ^(common.table.head) -->
<thead class="thead-light">
<tr>
<td scope="col">American League West</td>
</tr>
</thead>
<!-- $(common.table.head) -->

</table>
<!-- $(common.table) -->

<!-- ^(common.table) -->
<table class="table table-fixed border">

<!-- ^(common.table.body) -->
<tbody>
<tr>
<td scope="row" class="position-relative text-truncate"><img src="https://orangeandblueleaguebaseball.com/StatsLab/reports/news/html/images/team_logos/houston_astros_40.png" width="20" height="20" border="0" class="position-absolute left-8p top-14p"><span class="align-middle d-block text-truncate pl-24p"><a href="/gameday/1/">Houston Astros</a></span></td>
</tr>
<tr>
<td scope="row" class="position-relative text-truncate"><img src="https://orangeandblueleaguebaseball.com/StatsLab/reports/news/html/images/team_logos/los_angeles_angels_40.png" width="20" height="20" border="0" class="position-absolute left-8p top-14p"><span class="align-middle d-block text-truncate pl-24p"><a href="/gameday/2/">Los Angeles Angels</a></span></td>
</tr>
<tr>
<td scope="row" class="position-relative text-truncate"><img src="https://orangeandblueleaguebaseball.com/StatsLab/reports/news/html/images/team_logos/oakland_athletics_40.png" width="20" height="20" border="0" class="position-absolute left-8p top-14p"><span class="align-middle d-block text-truncate pl-24p"><a href="/gameday/3/">Oakland Athletics</a></span></td>
</tr>
<tr>
<td scope="row" class="position-relative text-truncate"><img src="https://orangeandblueleaguebaseball.com/StatsLab/reports/news/html/images/team_logos/seattle_mariners_40.png" width="20" height="20" border="0" class="position-absolute left-8p top-14p"><span class="align-middle d-block text-truncate pl-24p"><a href="/gameday/4/">Seattle Mariners</a></span></td>
</tr>
<tr>
<td scope="row" class="position-relative text-truncate"><img src="https://orangeandblueleaguebaseball.com/StatsLab/reports/news/html/images/team_logos/texas_rangers_40.png" width="20" height="20" border="0" class="position-absolute left-8p top-14p"><span class="align-middle d-block text-truncate pl-24p"><a href="/gameday/5/">Texas Rangers</a></span></td>
</tr>
</tbody>
<!-- $(common.table.body) -->

</table>
<!-- $(common.table) -->

<!-- ^(common.table) -->
<table class="table table-fixed border border-bottom-0 mt-3">

<!-- ^(common.table.head) -->
<thead class="thead-light">
<tr>
<td scope="col">National League East</td>
</tr>
</thead>
<!-- $(common.table.head) -->

</table>
<!-- $(common.table) -->

<!-- ^(common.table) -->
<table class="table table-fixed border">

<!-- ^(common.table.body) -->
<tbody>
<tr>
<td scope="row" class="position-relative text-truncate"><img src="https://orangeandblueleaguebaseball.com/StatsLab/reports/news/html/images/team_logos/atlanta_braves_40.png" width="20" height="20" border="0" class="position-absolute left-8p top-14p"><span class="align-middle d-block text-truncate pl-24p"><a href="/gameday/1/">Atlanta Braves</a></span></td>
</tr>
<tr>
<td scope="row" class="position-relative text-truncate"><img src="https://orangeandblueleaguebaseball.com/StatsLab/reports/news/html/images/team_logos/miami_marlins_40.png" width="20" height="20" border="0" class="position-absolute left-8p top-14p"><span class="align-middle d-block text-truncate pl-24p"><a href="/gameday/2/">Miami Marlins</a></span></td>
</tr>
<tr>
<td scope="row" class="position-relative text-truncate"><img src="https://orangeandblueleaguebaseball.com/StatsLab/reports/news/html/images/team_logos/new_york_mets_40.png" width="20" height="20" border="0" class="position-absolute left-8p top-14p"><span class="align-middle d-block text-truncate pl-24p"><a href="/gameday/3/">New York Mets</a></span></td>
</tr>
<tr>
<td scope="row" class="position-relative text-truncate"><img src="https://orangeandblueleaguebaseball.com/StatsLab/reports/news/html/images/team_logos/philadelphia_phillies_40.png" width="20" height="20" border="0" class="position-absolute left-8p top-14p"><span class="align-middle d-block text-truncate pl-24p"><a href="/gameday/4/">Philadelphia Phill</a></span></td>
</tr>
<tr>
<td scope="row" class="position-relative text-truncate"><img src="https://orangeandblueleaguebaseball.com/StatsLab/reports/news/html/images/team_logos/washington_nationals_40.png" width="20" height="20" border="0" class="position-absolute left-8p top-14p"><span class="align-middle d-block text-truncate pl-24p"><a href="/gameday/5/">Washington Nationa</a></span></td>
</tr>
</tbody>
<!-- $(common.table.body) -->

</table>
<!-- $(common.table) -->

<!-- ^(common.table) -->
<table class="table table-fixed border border-bottom-0 mt-3">

<!-- ^(common.table.head) -->
<thead class="thead-light">
<tr>
<td scope="col">National League Central</td>
</tr>
</thead>
<!-- $(common.table.head) -->

</table>
<!-- $(common.table) -->

<!-- ^(common.table) -->
<table class="table table-fixed border">

<!-- ^(common.table.body) -->
<tbody>
<tr>
<td scope="row" class="position-relative text-truncate"><img src="https://orangeandblueleaguebaseball.com/StatsLab/reports/news/html/images/team_logos/chicago_cubs_40.png" width="20" height="20" border="0" class="position-absolute left-8p top-14p"><span class="align-middle d-block text-truncate pl-24p"><a href="/gameday/1/">Chicago Cubs</a></span></td>
</tr>
<tr>
<td scope="row" class="position-relative text-truncate"><img src="https://orangeandblueleaguebaseball.com/StatsLab/reports/news/html/images/team_logos/cincinnati_reds_40.png" width="20" height="20" border="0" class="position-absolute left-8p top-14p"><span class="align-middle d-block text-truncate pl-24p"><a href="/gameday/2/">Cincinnati Reds</a></span></td>
</tr>
<tr>
<td scope="row" class="position-relative text-truncate"><img src="https://orangeandblueleaguebaseball.com/StatsLab/reports/news/html/images/team_logos/milwaukee_brewers_40.png" width="20" height="20" border="0" class="position-absolute left-8p top-14p"><span class="align-middle d-block text-truncate pl-24p"><a href="/gameday/3/">Milwaukee Brewers</a></span></td>
</tr>
<tr>
<td scope="row" class="position-relative text-truncate"><img src="https://orangeandblueleaguebaseball.com/StatsLab/reports/news/html/images/team_logos/pittsburgh_pirates_40.png" width="20" height="20" border="0" class="position-absolute left-8p top-14p"><span class="align-middle d-block text-truncate pl-24p"><a href="/gameday/4/">Pittsburgh Pirates</a></span></td>
</tr>
<tr>
<td scope="row" class="position-relative text-truncate"><img src="https://orangeandblueleaguebaseball.com/StatsLab/reports/news/html/images/team_logos/st_louis_cardinals_40.png" width="20" height="20" border="0" class="position-absolute left-8p top-14p"><span class="align-middle d-block text-truncate pl-24p"><a href="/gameday/5/">St. Louis Cardinal</a></span></td>
</tr>
</tbody>
<!-- $(common.table.body) -->

</table>
<!-- $(common.table) -->

<!-- ^(common.table) -->
<table class="table table-fixed border border-bottom-0 mt-3">

<!-- ^(common.table.head) -->
<thead class="thead-light">
<tr>
<td scope="col">National League West</td>
</tr>
</thead>
<!-- $(common.table.head) -->

</table>
<!-- $(common.table) -->

<!-- ^(common.table) -->
<table class="table table-fixed border">

<!-- ^(common.table.body) -->
<tbody>
<tr>
<td scope="row" class="position-relative text-truncate"><img src="https://orangeandblueleaguebaseball.com/StatsLab/reports/news/html/images/team_logos/arizona_diamondbacks_40.png" width="20" height="20" border="0" class="position-absolute left-8p top-14p"><span class="align-middle d-block text-truncate pl-24p"><a href="/gameday/1/">Arizona Diamondbac</a></span></td>
</tr>
<tr>
<td scope="row" class="position-relative text-truncate"><img src="https://orangeandblueleaguebaseball.com/StatsLab/reports/news/html/images/team_logos/colorado_rockies_40.png" width="20" height="20" border="0" class="position-absolute left-8p top-14p"><span class="align-middle d-block text-truncate pl-24p"><a href="/gameday/2/">Colorado Rockies</a></span></td>
</tr>
<tr>
<td scope="row" class="position-relative text-truncate"><img src="https://orangeandblueleaguebaseball.com/StatsLab/reports/news/html/images/team_logos/los_angeles_dodgers_40.png" width="20" height="20" border="0" class="position-absolute left-8p top-14p"><span class="align-middle d-block text-truncate pl-24p"><a href="/gameday/3/">Los Angeles Dodger</a></span></td>
</tr>
<tr>
<td scope="row" class="position-relative text-truncate"><img src="https://orangeandblueleaguebaseball.com/StatsLab/reports/news/html/images/team_logos/san_diego_padres_40.png" width="20" height="20" border="0" class="position-absolute left-8p top-14p"><span class="align-middle d-block text-truncate pl-24p"><a href="/gameday/4/">San Diego Padres</a></span></td>
</tr>
<tr>
<td scope="row" class="position-relative text-truncate"><img src="https://orangeandblueleaguebaseball.com/StatsLab/reports/news/html/images/team_logos/san_francisco_giants_40.png" width="20" height="20" border="0" class="position-absolute left-8p top-14p"><span class="align-middle d-block text-truncate pl-24p"><a href="/gameday/5/">San Francisco Gian</a></span></td>
</tr>
</tbody>
<!-- $(common.table.body) -->

</table>
<!-- $(common.table) -->

</div>
<!-- $(gameday.column) -->

</div>
<!-- $(gameday.row) -->

</div>
<!-- $(gameday.schedule) -->

</main>
<!-- $(base.main) -->

<script src="https://code.jquery.com/jquery-3.2.1.slim.min.js"
        integrity="sha384-KJ3o2DKtIkvYIK3UENzmM7KCkRr/rE9/Qpg6aAZGJwFDMVNA/GpGFF93hXpG5KkN"
        crossorigin="anonymous"></script>
<script src="https://cdnjs.cloudflare.com/ajax/libs/popper.js/1.12.9/umd/popper.min.js"
        integrity="sha384-ApNbgh9B+Y1QKtv3Rn7W3mgPxhU9K/ScQsAP7hUibX39j7fakFPskvXusvfa0b4Q"
        crossorigin="anonymous"></script>
<script src="https://maxcdn.bootstrapcdn.com/bootstrap/4.0.0-beta.3/js/bootstrap.min.js"
        integrity="sha384-a5N7Y/aK3qNeh15eJKGWxsqtnX/wWdSZSKp+81YjTmS15nvnvxKHuzaWwXHDli+4"
        crossorigin="anonymous"></script>
<script>
$('.repl-toggler').on('click', function(e) {
  if ($(this).hasClass('disabled')) {
    e.preventDefault();
  } else {
    $(this).toggleClass('disabled text-secondary');
    $(this).html($(this).data('repl'));
  }
});
$('.show-toggler').on('click', function(e) {
  $(this).toggleClass('border-bottom-0');
});
</script>


</body>

</html>