<!doctype html>
<html lang="en">

<head>

<meta charset="utf-8">
<meta name="viewport" content="width=device-width, initial-scale=1, shrink-to-fit=no">
<link rel="stylesheet"
      href="https://maxcdn.bootstrapcdn.com/bootstrap/4.0.0/css/bootstrap.min.css"
      integrity="sha384-Gn5384xqQ1aoWXA+058RXPxPg6fy4IWvTNh0E263XmFcJlSAwiGgFAW/dAiS6JXm"
      crossorigin="anonymous">
<link rel="stylesheet"
      href="https://cdnjs.cloudflare.com/ajax/libs/open-iconic/1.1.1/font/css/open-iconic-bootstrap.min.css">
<title>Fairylab | exports</title>

<style>
html {
  position: relative;
  min-height: 100%;
}
body {
  margin-bottom: 60px;
}
header {
  background-color: #f5f5f5;
  width: 100%;
}
a.disabled{
  pointer-events: none;
  cursor: default;
}
.alert, .dropdown-toggle, .form-control {
  padding: .75rem;
}
.alert .oi {
  line-height: 24px;
  padding-right: .75rem;
}
.alert-danger {
  border: 1px solid #f5c6cb;
}
.alert-primary {
  border: 1px solid #b8daff;
}
.alert-success {
  border: 1px solid #c3e6cb;
}
.anchor {
  padding-top: 0px;
  margin-top: 0px;
  transition: padding-top .35s ease, margin-top .35s ease;
}
.badge {
  border-radius: 24px;
  height: 24px;
  line-height: 16px;
  text-align: center;
  width: 24px;
}
.breadcrumb {
  background-color: inherit;
  line-height: 60px;
  max-width: 468px;
  overflow-x: auto;
}
.dropdown-toggle {
  color: #6c767c;
}
.flex-grow {
  flex-grow: 1;
}
.left-8p {
  left: 8px;
}
.mr-12p {
  margin-right: 12px;
}
.nav-pills {
  overflow-x: auto;
  overflow-y: hidden;
}
.navbar {
  padding: 0;
}
.nav-pills .nav-item {
  margin: 0 .25rem;
  min-width: 32px;
  text-align: center;
}
.nav-pills .nav-link {
  padding: .25rem 0;
}
.nav-pills .nav-link:not(.active) {
  border: 1px solid #dee2e6;
}
.pl-24p {
  padding-left: 24px;
}
.pr-24p {
  padding-right: 24px;
}
.right-8p {
  right: 8px;
}
.table, .table-sm {
  margin-bottom: 0;
  word-break: break-word;
}
.table .thead-light td {
  background-color: #f5f5f5;
}
.table-fixed {
  table-layout: fixed;
}
.table-sm td {
  border-top: 0;
  padding: 0 .3rem 0 0;
}
.table .td-sm {
  padding: .75rem .25rem;
}
.table.collapse.show {
  display: table;
}
.top-14p {
  top: 14px;
}
.w-10 {
  width: 10%;
}
.w-20 {
  width: 20%;
}
.w-40 {
  width: 40%;
}
.w-55p {
  width: 55px;
}
.w-65p {
  width: 65px;
}
.w-75p {
  width: 75px;
}
.w-105p {
  width: 105px;
}
</style>
</head>

<body>

<!-- ^(base.header) -->
<header class="border-bottom sticky-top">
<div class="container">
<nav class="navbar navbar-light border-bottom" aria-label="nav">
<ol class="breadcrumb flex-nowrap text-truncate m-0 p-0">
<li class="breadcrumb-item">
<a href="/">Fairylab</a>
</li>
<li class="breadcrumb-item active" aria-current="page">Exports</li>
</ol>
</nav>

<div class="my-1">
<small class="text-muted">Last reloaded: 06:02:30 PDT (1985-10-26)</small>
</div>

</div>
</header>
<!-- $(base.header) -->

<!-- ^(base.main) -->
<main role="main" class="pb-3">

<!-- ^(exports.tracker) -->
<div class="container anchor" id="tracker">

<!-- ^(common.heading) -->
<div class="row">
<div class="col-12">
<div class="alert alert-secondary mt-3 mb-0">
<span class="oi oi-cloudy text-secondary"></span>Tracker
</div>
</div>
</div>
<!-- $(common.heading) -->

<!-- ^(exports.row) -->
<div class="row">

<!-- ^(exports.column) -->
<div class="col-md-6">

<!-- ^(common.table) -->
<table class="table border mt-3">

<!-- ^(common.table.head) -->
<thead class="thead-light">
<tr>
<td scope="col"class="position-relative">AL East</td>
<td scope="col" class="text-center w-25">Last 10</td>
<td scope="col" class="text-center w-25">Streak</td>
</tr>
</thead>
<!-- $(common.table.head) -->

<!-- ^(common.table.body) -->
<tbody>
<tr>
<td scope="row"class="position-relative"><img src="https://orangeandblueleaguebaseball.com/StatsLab/reports/news/html/images/team_logos/boston_red_sox_40.png" width="20" height="20" border="0" class="position-absolute left-8p top-14p"><span class="align-middle d-block text-truncate pl-24p">Boston</span></td>
<td class="text-center w-25">10 - 0</td>
<td class="text-center w-25">W10</td>
</tr>
<tr>
<td scope="row"class="position-relative"><img src="https://orangeandblueleaguebaseball.com/StatsLab/reports/news/html/images/team_logos/new_york_yankees_40.png" width="20" height="20" border="0" class="position-absolute left-8p top-14p"><span class="align-middle d-block text-truncate pl-24p">New York</span></td>
<td class="text-center w-25">10 - 0</td>
<td class="text-center w-25">W10</td>
</tr>
<tr>
<td scope="row"class="position-relative"><img src="https://orangeandblueleaguebaseball.com/StatsLab/reports/news/html/images/team_logos/tampa_bay_rays_40.png" width="20" height="20" border="0" class="position-absolute left-8p top-14p"><span class="align-middle d-block text-truncate pl-24p">Tampa Bay</span></td>
<td class="text-center w-25">10 - 0</td>
<td class="text-center w-25">W10</td>
</tr>
<tr>
<td scope="row"class="position-relative"><img src="https://orangeandblueleaguebaseball.com/StatsLab/reports/news/html/images/team_logos/toronto_blue_jays_40.png" width="20" height="20" border="0" class="position-absolute left-8p top-14p"><span class="align-middle d-block text-truncate pl-24p">Toronto</span></td>
<td class="text-center w-25">9 - 1</td>
<td class="text-center w-25">W4</td>
</tr>
<tr>
<td scope="row"class="position-relative"><img src="https://orangeandblueleaguebaseball.com/StatsLab/reports/news/html/images/team_logos/baltimore_orioles_40.png" width="20" height="20" border="0" class="position-absolute left-8p top-14p"><span class="align-middle d-block text-truncate pl-24p">Baltimore</span></td>
<td class="text-center w-25">6 - 4</td>
<td class="text-center w-25">W1</td>
</tr>
</tbody>
<!-- $(common.table.body) -->

</table>
<!-- $(common.table) -->

<!-- ^(common.table) -->
<table class="table border mt-3">

<!-- ^(common.table.head) -->
<thead class="thead-light">
<tr>
<td scope="col"class="position-relative">AL Central</td>
<td scope="col" class="text-center w-25">Last 10</td>
<td scope="col" class="text-center w-25">Streak</td>
</tr>
</thead>
<!-- $(common.table.head) -->

<!-- ^(common.table.body) -->
<tbody>
<tr>
<td scope="row"class="position-relative"><img src="https://orangeandblueleaguebaseball.com/StatsLab/reports/news/html/images/team_logos/detroit_tigers_40.png" width="20" height="20" border="0" class="position-absolute left-8p top-14p"><span class="align-middle d-block text-truncate pl-24p">Detroit</span></td>
<td class="text-center w-25">10 - 0</td>
<td class="text-center w-25">W10</td>
</tr>
<tr>
<td scope="row"class="position-relative"><img src="https://orangeandblueleaguebaseball.com/StatsLab/reports/news/html/images/team_logos/minnesota_twins_40.png" width="20" height="20" border="0" class="position-absolute left-8p top-14p"><span class="align-middle d-block text-truncate pl-24p">Minnesota</span></td>
<td class="text-center w-25">10 - 0</td>
<td class="text-center w-25">W10</td>
</tr>
<tr>
<td scope="row"class="position-relative"><img src="https://orangeandblueleaguebaseball.com/StatsLab/reports/news/html/images/team_logos/kansas_city_royals_40.png" width="20" height="20" border="0" class="position-absolute left-8p top-14p"><span class="align-middle d-block text-truncate pl-24p">Kansas City</span></td>
<td class="text-center w-25">9 - 1</td>
<td class="text-center w-25">W5</td>
</tr>
<tr>
<td scope="row"class="position-relative"><img src="https://orangeandblueleaguebaseball.com/StatsLab/reports/news/html/images/team_logos/chicago_white_sox_40.png" width="20" height="20" border="0" class="position-absolute left-8p top-14p"><span class="align-middle d-block text-truncate pl-24p">Chicago</span></td>
<td class="text-center w-25">9 - 1</td>
<td class="text-center w-25">L1</td>
</tr>
<tr>
<td scope="row"class="position-relative"><img src="https://orangeandblueleaguebaseball.com/StatsLab/reports/news/html/images/team_logos/cleveland_indians_40.png" width="20" height="20" border="0" class="position-absolute left-8p top-14p"><span class="align-middle d-block text-truncate pl-24p">Cleveland</span></td>
<td class="text-center w-25">8 - 2</td>
<td class="text-center w-25">W2</td>
</tr>
</tbody>
<!-- $(common.table.body) -->

</table>
<!-- $(common.table) -->

<!-- ^(common.table) -->
<table class="table border mt-3">

<!-- ^(common.table.head) -->
<thead class="thead-light">
<tr>
<td scope="col"class="position-relative">AL West</td>
<td scope="col" class="text-center w-25">Last 10</td>
<td scope="col" class="text-center w-25">Streak</td>
</tr>
</thead>
<!-- $(common.table.head) -->

<!-- ^(common.table.body) -->
<tbody>
<tr>
<td scope="row"class="position-relative"><img src="https://orangeandblueleaguebaseball.com/StatsLab/reports/news/html/images/team_logos/houston_astros_40.png" width="20" height="20" border="0" class="position-absolute left-8p top-14p"><span class="align-middle d-block text-truncate pl-24p">Houston</span></td>
<td class="text-center w-25">10 - 0</td>
<td class="text-center w-25">W10</td>
</tr>
<tr>
<td scope="row"class="position-relative"><img src="https://orangeandblueleaguebaseball.com/StatsLab/reports/news/html/images/team_logos/seattle_mariners_40.png" width="20" height="20" border="0" class="position-absolute left-8p top-14p"><span class="align-middle d-block text-truncate pl-24p">Seattle</span></td>
<td class="text-center w-25">10 - 0</td>
<td class="text-center w-25">W10</td>
</tr>
<tr>
<td scope="row"class="position-relative"><img src="https://orangeandblueleaguebaseball.com/StatsLab/reports/news/html/images/team_logos/texas_rangers_40.png" width="20" height="20" border="0" class="position-absolute left-8p top-14p"><span class="align-middle d-block text-truncate pl-24p">Texas</span></td>
<td class="text-center w-25">9 - 1</td>
<td class="text-center w-25">W9</td>
</tr>
<tr>
<td scope="row"class="position-relative"><img src="https://orangeandblueleaguebaseball.com/StatsLab/reports/news/html/images/team_logos/los_angeles_angels_40.png" width="20" height="20" border="0" class="position-absolute left-8p top-14p"><span class="align-middle d-block text-truncate pl-24p">Los Angeles</span></td>
<td class="text-center w-25">7 - 3</td>
<td class="text-center w-25">L1</td>
</tr>
<tr>
<td scope="row"class="position-relative"><img src="https://orangeandblueleaguebaseball.com/StatsLab/reports/news/html/images/team_logos/oakland_athletics_40.png" width="20" height="20" border="0" class="position-absolute left-8p top-14p"><span class="align-middle d-block text-truncate pl-24p">Oakland</span></td>
<td class="text-center w-25">7 - 3</td>
<td class="text-center w-25">L3</td>
</tr>
</tbody>
<!-- $(common.table.body) -->

</table>
<!-- $(common.table) -->

</div>
<!-- $(exports.column) -->

<!-- ^(exports.column) -->
<div class="col-md-6">

<!-- ^(common.table) -->
<table class="table border mt-3">

<!-- ^(common.table.head) -->
<thead class="thead-light">
<tr>
<td scope="col"class="position-relative">NL East</td>
<td scope="col" class="text-center w-25">Last 10</td>
<td scope="col" class="text-center w-25">Streak</td>
</tr>
</thead>
<!-- $(common.table.head) -->

<!-- ^(common.table.body) -->
<tbody>
<tr>
<td scope="row"class="position-relative"><img src="https://orangeandblueleaguebaseball.com/StatsLab/reports/news/html/images/team_logos/atlanta_braves_40.png" width="20" height="20" border="0" class="position-absolute left-8p top-14p"><span class="align-middle d-block text-truncate pl-24p">Atlanta</span></td>
<td class="text-center w-25">10 - 0</td>
<td class="text-center w-25">W10</td>
</tr>
<tr>
<td scope="row"class="position-relative"><img src="https://orangeandblueleaguebaseball.com/StatsLab/reports/news/html/images/team_logos/new_york_mets_40.png" width="20" height="20" border="0" class="position-absolute left-8p top-14p"><span class="align-middle d-block text-truncate pl-24p">New York</span></td>
<td class="text-center w-25">8 - 2</td>
<td class="text-center w-25">L1</td>
</tr>
<tr>
<td scope="row"class="position-relative"><img src="https://orangeandblueleaguebaseball.com/StatsLab/reports/news/html/images/team_logos/washington_nationals_40.png" width="20" height="20" border="0" class="position-absolute left-8p top-14p"><span class="align-middle d-block text-truncate pl-24p">Washington</span></td>
<td class="text-center w-25">5 - 5</td>
<td class="text-center w-25">L1</td>
</tr>
<tr>
<td scope="row"class="position-relative"><img src="https://orangeandblueleaguebaseball.com/StatsLab/reports/news/html/images/team_logos/miami_marlins_40.png" width="20" height="20" border="0" class="position-absolute left-8p top-14p"><span class="align-middle d-block text-truncate pl-24p">Miami</span></td>
<td class="text-center w-25">4 - 6</td>
<td class="text-center w-25">W1</td>
</tr>
<tr>
<td scope="row"class="position-relative"><img src="https://orangeandblueleaguebaseball.com/StatsLab/reports/news/html/images/team_logos/philadelphia_phillies_40.png" width="20" height="20" border="0" class="position-absolute left-8p top-14p"><span class="align-middle d-block text-truncate pl-24p">Philadelphia</span></td>
<td class="text-center w-25">3 - 7</td>
<td class="text-center w-25">L5</td>
</tr>
</tbody>
<!-- $(common.table.body) -->

</table>
<!-- $(common.table) -->

<!-- ^(common.table) -->
<table class="table border mt-3">

<!-- ^(common.table.head) -->
<thead class="thead-light">
<tr>
<td scope="col"class="position-relative">NL Central</td>
<td scope="col" class="text-center w-25">Last 10</td>
<td scope="col" class="text-center w-25">Streak</td>
</tr>
</thead>
<!-- $(common.table.head) -->

<!-- ^(common.table.body) -->
<tbody>
<tr>
<td scope="row"class="position-relative"><img src="https://orangeandblueleaguebaseball.com/StatsLab/reports/news/html/images/team_logos/cincinnati_reds_40.png" width="20" height="20" border="0" class="position-absolute left-8p top-14p"><span class="align-middle d-block text-truncate pl-24p">Cincinnati</span></td>
<td class="text-center w-25">10 - 0</td>
<td class="text-center w-25">W10</td>
</tr>
<tr>
<td scope="row"class="position-relative"><img src="https://orangeandblueleaguebaseball.com/StatsLab/reports/news/html/images/team_logos/milwaukee_brewers_40.png" width="20" height="20" border="0" class="position-absolute left-8p top-14p"><span class="align-middle d-block text-truncate pl-24p">Milwaukee</span></td>
<td class="text-center w-25">10 - 0</td>
<td class="text-center w-25">W10</td>
</tr>
<tr>
<td scope="row"class="position-relative"><img src="https://orangeandblueleaguebaseball.com/StatsLab/reports/news/html/images/team_logos/st_louis_cardinals_40.png" width="20" height="20" border="0" class="position-absolute left-8p top-14p"><span class="align-middle d-block text-truncate pl-24p">St. Louis</span></td>
<td class="text-center w-25">10 - 0</td>
<td class="text-center w-25">W10</td>
</tr>
<tr>
<td scope="row"class="position-relative"><img src="https://orangeandblueleaguebaseball.com/StatsLab/reports/news/html/images/team_logos/chicago_cubs_40.png" width="20" height="20" border="0" class="position-absolute left-8p top-14p"><span class="align-middle d-block text-truncate pl-24p">Chicago</span></td>
<td class="text-center w-25">8 - 2</td>
<td class="text-center w-25">L1</td>
</tr>
<tr>
<td scope="row"class="position-relative"><img src="https://orangeandblueleaguebaseball.com/StatsLab/reports/news/html/images/team_logos/pittsburgh_pirates_40.png" width="20" height="20" border="0" class="position-absolute left-8p top-14p"><span class="align-middle d-block text-truncate pl-24p">Pittsburgh</span></td>
<td class="text-center w-25">6 - 4</td>
<td class="text-center w-25">L1</td>
</tr>
</tbody>
<!-- $(common.table.body) -->

</table>
<!-- $(common.table) -->

<!-- ^(common.table) -->
<table class="table border mt-3">

<!-- ^(common.table.head) -->
<thead class="thead-light">
<tr>
<td scope="col"class="position-relative">NL West</td>
<td scope="col" class="text-center w-25">Last 10</td>
<td scope="col" class="text-center w-25">Streak</td>
</tr>
</thead>
<!-- $(common.table.head) -->

<!-- ^(common.table.body) -->
<tbody>
<tr>
<td scope="row"class="position-relative"><img src="https://orangeandblueleaguebaseball.com/StatsLab/reports/news/html/images/team_logos/colorado_rockies_40.png" width="20" height="20" border="0" class="position-absolute left-8p top-14p"><span class="align-middle d-block text-truncate pl-24p">Colorado</span></td>
<td class="text-center w-25">10 - 0</td>
<td class="text-center w-25">W10</td>
</tr>
<tr>
<td scope="row"class="position-relative"><img src="https://orangeandblueleaguebaseball.com/StatsLab/reports/news/html/images/team_logos/san_diego_padres_40.png" width="20" height="20" border="0" class="position-absolute left-8p top-14p"><span class="align-middle d-block text-truncate pl-24p">San Diego</span></td>
<td class="text-center w-25">9 - 1</td>
<td class="text-center w-25">W8</td>
</tr>
<tr>
<td scope="row"class="position-relative"><img src="https://orangeandblueleaguebaseball.com/StatsLab/reports/news/html/images/team_logos/los_angeles_dodgers_40.png" width="20" height="20" border="0" class="position-absolute left-8p top-14p"><span class="align-middle d-block text-truncate pl-24p">Los Angeles</span></td>
<td class="text-center w-25">5 - 5</td>
<td class="text-center w-25">W2</td>
</tr>
<tr>
<td scope="row"class="position-relative"><img src="https://orangeandblueleaguebaseball.com/StatsLab/reports/news/html/images/team_logos/arizona_diamondbacks_40.png" width="20" height="20" border="0" class="position-absolute left-8p top-14p"><span class="align-middle d-block text-truncate pl-24p">Arizona</span></td>
<td class="text-center w-25">5 - 5</td>
<td class="text-center w-25">W1</td>
</tr>
<tr>
<td scope="row"class="position-relative"><img src="https://orangeandblueleaguebaseball.com/StatsLab/reports/news/html/images/team_logos/san_francisco_giants_40.png" width="20" height="20" border="0" class="position-absolute left-8p top-14p"><span class="align-middle d-block text-truncate pl-24p">San Francisco</span></td>
<td class="text-center w-25">2 - 8</td>
<td class="text-center w-25">L4</td>
</tr>
</tbody>
<!-- $(common.table.body) -->

</table>
<!-- $(common.table) -->

</div>
<!-- $(exports.column) -->

</div>
<!-- $(exports.row) -->

</div>
<!-- $(exports.tracker) -->

</main>
<!-- $(base.main) -->

<script src="https://code.jquery.com/jquery-3.2.1.slim.min.js"
        integrity="sha384-KJ3o2DKtIkvYIK3UENzmM7KCkRr/rE9/Qpg6aAZGJwFDMVNA/GpGFF93hXpG5KkN"
        crossorigin="anonymous"></script>
<script src="https://cdnjs.cloudflare.com/ajax/libs/popper.js/1.12.9/umd/popper.min.js"
        integrity="sha384-ApNbgh9B+Y1QKtv3Rn7W3mgPxhU9K/ScQsAP7hUibX39j7fakFPskvXusvfa0b4Q"
        crossorigin="anonymous"></script>
<script src="https://maxcdn.bootstrapcdn.com/bootstrap/4.0.0-beta.3/js/bootstrap.min.js"
        integrity="sha384-a5N7Y/aK3qNeh15eJKGWxsqtnX/wWdSZSKp+81YjTmS15nvnvxKHuzaWwXHDli+4"
        crossorigin="anonymous"></script>
<script>
$('.repl-toggler').on('click', function(e) {
  if ($(this).hasClass('disabled')) {
    e.preventDefault();
  } else {
    $(this).toggleClass('disabled text-secondary');
    $(this).html($(this).data('repl'));
  }
});
$('.show-toggler').on('click', function(e) {
  $(this).toggleClass('border-bottom-0');
});
</script>


</body>

</html>