<!doctype html>
<html lang="en">

<head>

<meta charset="utf-8">
<meta name="viewport" content="width=device-width, initial-scale=1, shrink-to-fit=no">
<link rel="apple-touch-icon" sizes="120x120" href="/apple-touch-icon.png">
<link rel="icon" type="image/png" sizes="32x32" href="/favicon-32x32.png">
<link rel="icon" type="image/png" sizes="16x16" href="/favicon-16x16.png">
<link rel="manifest" href="/site.webmanifest">
<meta name="msapplication-TileColor" content="#dfe3e7">
<meta name="theme-color" content="#dfe3e7">
<link rel="stylesheet"
      href="https://maxcdn.bootstrapcdn.com/bootstrap/4.0.0/css/bootstrap.min.css"
      integrity="sha384-Gn5384xqQ1aoWXA+058RXPxPg6fy4IWvTNh0E263XmFcJlSAwiGgFAW/dAiS6JXm"
      crossorigin="anonymous">
<link rel="stylesheet"
      href="https://cdnjs.cloudflare.com/ajax/libs/open-iconic/1.1.1/font/css/open-iconic-bootstrap.min.css">
<title>Fairylab | fairylab</title>

<style>
html {
  position: relative;
  min-height: 100%;
}
body {
  margin-bottom: 60px;
}
header {
  background-color: #f5f5f5;
  width: 100%;
}
footer {
  background-color: #f5f5f5;
  bottom: 0;
  height: 60px;
  line-height: 60px;
  position: absolute;
  width: 100%;
}
a.disabled{
  pointer-events: none;
  cursor: default;
}
.alert, .dropdown-toggle, .form-control {
  padding: .75rem;
}
.alert .oi {
  line-height: 24px;
  padding-right: .75rem;
}
.anchor {
  padding-top: 0px;
  margin-top: 0px;
  transition: padding-top .35s ease, margin-top .35s ease;
}
.badge-icon {
  border: 1px solid #dee2e6;
  font-weight: 400!important;
  padding: .25rem .5rem;
  white-space: normal;
  width: 100%;
}
.badge-icon[data-toggle="modal"]:hover {
  background-color: #f5f5f5;
  cursor: pointer;
}
.breadcrumb {
  background-color: inherit;
  line-height: 60px;
  max-width: 468px;
  overflow-x: auto;
}
.dropdown-toggle {
  color: #6c767c;
}
.flex-grow {
  flex-grow: 1;
}
.grayscale {
  -webkit-filter: grayscale(1) opacity(0.5);
  filter: grayscale(1) opacity(0.5);
}
.left-8p {
  left: 8px;
}
.modal-header {
  height: 56px;
}
.modal-body {
  padding-top: 0;
}
.mr-8p {
  margin-right: 8px;
}
.nav-pills {
  overflow-x: auto;
  overflow-y: hidden;
}
.navbar {
  padding: 0;
}
.nav-pills .nav-item {
  margin: 0 .25rem;
  min-width: 32px;
  text-align: center;
}
.nav-pills .nav-link {
  padding: .25rem 0;
}
.nav-pills .nav-link:not(.active) {
  border: 1px solid #dee2e6;
}
.pl-24p {
  padding-left: 24px;
}
.pr-24p {
  padding-right: 24px;
}
.right-8p {
  right: 8px;
}
.table, .table-sm {
  margin-bottom: 0;
  word-break: break-word;
}
.table .thead-light td {
  background-color: #f5f5f5;
}
.table-fixed {
  table-layout: fixed;
}
.table-sm td {
  border-top: 0;
  padding: 0 .3rem 0 0;
}
.table .td-sm {
  padding: .75rem .25rem;
}
.table.collapse.show {
  display: table;
}
.text-underline {
  text-decoration: underline;
}
.top-14p {
  top: 14px;
}
.w-10 {
  width: 10%;
}
.w-20 {
  width: 20%;
}
.w-40 {
  width: 40%;
}
.w-24p {
  width: 24px;
}
.w-28p {
  width: 28px;
}
.w-55p {
  width: 55px;
}
.w-65p {
  width: 65px;
}
.w-75p {
  width: 75px;
}
.w-105p {
  width: 105px;
}
.td-sm-none {
  display: none;
}
@media (min-width: 576px) {
  body.modal-open .navbar,
  body.modal-open .timestamp {
    padding-left: 8px;
  }
  .td-sm-none {
    display: table-cell;
  }
}
</style>
</head>

<body>

<!-- ^(base.header) -->
<header class="border-bottom sticky-top">
<div class="container">
<nav class="navbar navbar-light border-bottom" aria-label="nav">
<ol class="breadcrumb flex-nowrap text-truncate m-0 p-0">
<li class="breadcrumb-item active" aria-current="page">Fairylab</li>
</ol>
</nav>

<div class="timestamp my-1">
<small class="text-muted">Last reloaded: 06:02:30 PDT (1985-10-26)</small>
</div>

</div>
</header>
<!-- $(base.header) -->

<!-- ^(base.main) -->
<main role="main" class="pb-3">

<!-- ^(home.external) -->
<div class="container anchor" id="external">

<!-- ^(common.heading) -->
<div class="row">
<div class="col-12">
<div class="alert alert-secondary mt-3 mb-0">
<span class="oi oi-globe text-secondary"></span>External Tasks
</div>
</div>
</div>
<!-- $(common.heading) -->

<!-- ^(home.row) -->
<div class="row d-flex flex-wrap">

<!-- ^(home.column) -->
<div class="col-md-6 col-lg-4 d-flex flex-column">

<!-- ^(common.card) -->
<div class="card d-flex flex-column flex-grow mt-3">

<!-- ^(common.card.body) -->
<div class="card-body d-flex flex-column">
<div class="d-flex flex-row">
<h5 class="card-title flex-grow">
<a href="/fairylab/baz/">baz</a>
</h5>
<div><span class="btn btn-danger btn-sm disabled">disabled</span></div>
</div>

<p class="card-text flex-grow">Description of baz.</p>
</div>
<!-- $(common.card.body) -->

<!-- ^(common.card.footer) -->
<div class="card-footer text-muted text-truncate">
<small>Last activity: 06:02:30 EDT (1985-10-26)</small>
</div>
<!-- $(common.card.footer) -->

</div>
<!-- $(common.card) -->

</div>
<!-- $(home.column) -->

<!-- ^(home.column) -->
<div class="col-md-6 col-lg-4 d-flex flex-column">

<!-- ^(common.card) -->
<div class="card d-flex flex-column flex-grow mt-3">

<!-- ^(common.card.body) -->
<div class="card-body d-flex flex-column">
<div class="d-flex flex-row">
<h5 class="card-title flex-grow">
<a href="/fairylab/foo/">foo</a>
</h5>
<div></div>
</div>

<p class="card-text flex-grow">Description of foo.</p>
</div>
<!-- $(common.card.body) -->

<!-- ^(common.card.footer) -->
<div class="card-footer text-muted text-truncate">
<small>Last activity: 06:02:30 EDT (1985-10-26)</small>
</div>
<!-- $(common.card.footer) -->

</div>
<!-- $(common.card) -->

</div>
<!-- $(home.column) -->

<!-- ^(home.column) -->
<div class="col-md-6 col-lg-4 d-flex flex-column">

<!-- ^(common.card) -->
<div class="card d-flex flex-column flex-grow mt-3">

<!-- ^(common.card.body) -->
<div class="card-body d-flex flex-column">
<div class="d-flex flex-row">
<h5 class="card-title flex-grow">
<a href="/fairylab/quuz/">quuz</a>
</h5>
<div></div>
</div>

<p class="card-text flex-grow">Description of quuz.</p>
</div>
<!-- $(common.card.body) -->

<!-- ^(common.card.footer) -->
<div class="card-footer text-muted text-truncate">
<small>Last activity: 06:02:30 EDT (1985-10-26)</small>
</div>
<!-- $(common.card.footer) -->

</div>
<!-- $(common.card) -->

</div>
<!-- $(home.column) -->

<!-- ^(home.column) -->
<div class="col-md-6 col-lg-4 d-flex flex-column">

<!-- ^(common.card) -->
<div class="card d-flex flex-column flex-grow mt-3">

<!-- ^(common.card.body) -->
<div class="card-body d-flex flex-column">
<div class="d-flex flex-row">
<h5 class="card-title flex-grow">
<a href="/fairylab/qux/">qux</a>
</h5>
<div></div>
</div>

<p class="card-text flex-grow">Description of qux.</p>
</div>
<!-- $(common.card.body) -->

<!-- ^(common.card.footer) -->
<div class="card-footer text-muted text-truncate">
<small>Last activity: 06:02:30 EDT (1985-10-26)</small>
</div>
<!-- $(common.card.footer) -->

</div>
<!-- $(common.card) -->

</div>
<!-- $(home.column) -->

</div>
<!-- $(home.row) -->

</div>
<!-- $(home.external) -->

<!-- ^(home.internal) -->
<div class="container anchor" id="internal">

<!-- ^(common.heading) -->
<div class="row">
<div class="col-12">
<div class="alert alert-secondary mt-3 mb-0">
<span class="oi oi-dashboard text-secondary"></span>Internal Tasks
</div>
</div>
</div>
<!-- $(common.heading) -->

<!-- ^(home.row) -->
<div class="row d-flex flex-wrap">

<!-- ^(home.column) -->
<div class="col-md-6 col-lg-4 d-flex flex-column">

<!-- ^(common.card) -->
<div class="card d-flex flex-column flex-grow mt-3">

<!-- ^(common.card.body) -->
<div class="card-body d-flex flex-column">
<div class="d-flex flex-row">
<h5 class="card-title flex-grow">
bar
</h5>
<div></div>
</div>

<p class="card-text flex-grow">Description of bar.</p>
</div>
<!-- $(common.card.body) -->

<!-- ^(common.card.footer) -->
<div class="card-footer text-muted text-truncate">
<small>Last activity: 06:02:30 EDT (1985-10-26)</small>
</div>
<!-- $(common.card.footer) -->

</div>
<!-- $(common.card) -->

</div>
<!-- $(home.column) -->

<!-- ^(home.column) -->
<div class="col-md-6 col-lg-4 d-flex flex-column">

<!-- ^(common.card) -->
<div class="card d-flex flex-column flex-grow mt-3">

<!-- ^(common.card.body) -->
<div class="card-body d-flex flex-column">
<div class="d-flex flex-row">
<h5 class="card-title flex-grow">
quux
</h5>
<div><span class="btn btn-danger btn-sm disabled">disabled</span></div>
</div>

<p class="card-text flex-grow">Description of quux.</p>
</div>
<!-- $(common.card.body) -->

<!-- ^(common.card.footer) -->
<div class="card-footer text-muted text-truncate">
<small>Last activity: 06:02:30 EDT (1985-10-26)</small>
</div>
<!-- $(common.card.footer) -->

</div>
<!-- $(common.card) -->

</div>
<!-- $(home.column) -->

</div>
<!-- $(home.row) -->

</div>
<!-- $(home.internal) -->

</main>
<!-- $(base.main) -->

<script src="https://code.jquery.com/jquery-3.2.1.slim.min.js"
        integrity="sha384-KJ3o2DKtIkvYIK3UENzmM7KCkRr/rE9/Qpg6aAZGJwFDMVNA/GpGFF93hXpG5KkN"
        crossorigin="anonymous"></script>
<script src="https://cdnjs.cloudflare.com/ajax/libs/popper.js/1.12.9/umd/popper.min.js"
        integrity="sha384-ApNbgh9B+Y1QKtv3Rn7W3mgPxhU9K/ScQsAP7hUibX39j7fakFPskvXusvfa0b4Q"
        crossorigin="anonymous"></script>
<script src="https://maxcdn.bootstrapcdn.com/bootstrap/4.0.0-beta.3/js/bootstrap.min.js"
        integrity="sha384-a5N7Y/aK3qNeh15eJKGWxsqtnX/wWdSZSKp+81YjTmS15nvnvxKHuzaWwXHDli+4"
        crossorigin="anonymous"></script>


</body>

</html>