<!doctype html>
<html lang="en">

<head>
  <meta charset="utf-8">
  <meta name="viewport" content="width=device-width, initial-scale=1, shrink-to-fit=no">
  <link rel="stylesheet"
        href="https://maxcdn.bootstrapcdn.com/bootstrap/4.0.0/css/bootstrap.min.css"
        integrity="sha384-Gn5384xqQ1aoWXA+058RXPxPg6fy4IWvTNh0E263XmFcJlSAwiGgFAW/dAiS6JXm"
        crossorigin="anonymous">
  <link rel="shortcut icon" type="image/x-icon" href="favicon.ico" />
  <title>Fairylab | leaguefile</title>
  <style>
    html {
      position: relative;
      min-height: 100%;
    }
    body {
      margin: 60px 0;
    }
    header, footer {
      position: absolute;
      width: 100%;
      height: 60px;
      line-height: 60px;
      background-color: #f5f5f5;
    }
    header {
      top: 0;
    }
    footer {
      bottom: 0;
    }
    .breadcrumb {
      background-color: inherit;
    }
    .flex-grow {
      flex-grow: 1;
    }
    .table .thead-light td {
      background-color: #f5f5f5;
    }
  </style>
</head>

<body>
  <header class="border-bottom">
    <div class="container">
      <nav aria-label="breadcrumb">
        <ol class="breadcrumb m-0 p-0">
          <li class="breadcrumb-item">
            <a href="/fairylab/">Home</a>
          </li>
          <li class="breadcrumb-item active"
              aria-current="page">Leaguefile</li>
        </ol>
      </nav>
    </div>
  </header>
  <main role="main" class="py-3">
    <div class="container">
      <div class="row">
        <div class="col">
          <table class="table border">
            <thead class="thead-light">
              <tr>
                <td scope="col">Start</td>
                <td scope="col">End</td>
                <td scope="col" class="text-right">Size</td>
              </tr>
            </thead>
            <tbody>
              <tr class="font-italic">
                <td scope="row">19:03 Mar 10</td>
                <td>19:59 Mar 10</td>
                <td class="text-right">59,969,530</td>
              </tr>
              <tr>
                <td scope="row">21:00 Mar 8</td>
                <td>07:11 Mar 9</td>
                <td class="text-right">358,347,534</td>
              </tr>
              <tr>
                <td scope="row">19:38 Mar 6</td>
                <td>05:12 Mar 7</td>
                <td class="text-right">356,922,996</td>
              </tr>
            </tbody>
          </table>
        </div>
      </div>
    </div>
  </main>
  <footer class="border-top">
    <div class="container text-center">
      <small class="text-muted">Last reloaded: 1985-10-26 00:03:00 PST</small>
    </div>
  </footer>

  <script src="https://code.jquery.com/jquery-3.2.1.slim.min.js"
          integrity="sha384-KJ3o2DKtIkvYIK3UENzmM7KCkRr/rE9/Qpg6aAZGJwFDMVNA/GpGFF93hXpG5KkN"
          crossorigin="anonymous"></script>
  <script src="https://cdnjs.cloudflare.com/ajax/libs/popper.js/1.12.9/umd/popper.min.js"
          integrity="sha384-ApNbgh9B+Y1QKtv3Rn7W3mgPxhU9K/ScQsAP7hUibX39j7fakFPskvXusvfa0b4Q"
          crossorigin="anonymous"></script>
  <script src="https://maxcdn.bootstrapcdn.com/bootstrap/4.0.0-beta.3/js/bootstrap.min.js"
          integrity="sha384-a5N7Y/aK3qNeh15eJKGWxsqtnX/wWdSZSKp+81YjTmS15nvnvxKHuzaWwXHDli+4"
          crossorigin="anonymous"></script>
</body>

</html>