<!doctype html>
<html lang="en">

<head>

<meta charset="utf-8">
<meta name="viewport" content="width=device-width, initial-scale=1, shrink-to-fit=no">
<link rel="stylesheet"
      href="https://maxcdn.bootstrapcdn.com/bootstrap/4.0.0/css/bootstrap.min.css"
      integrity="sha384-Gn5384xqQ1aoWXA+058RXPxPg6fy4IWvTNh0E263XmFcJlSAwiGgFAW/dAiS6JXm"
      crossorigin="anonymous">
<link rel="stylesheet"
      href="https://cdnjs.cloudflare.com/ajax/libs/open-iconic/1.1.1/font/css/open-iconic-bootstrap.min.css">
<title>Fairylab | leaguefile</title>

<style>
html {
  position: relative;
  min-height: 100%;
}
body {
  margin-bottom: 60px;
}
header {
  background-color: #f5f5f5;
  width: 100%;
}
footer {
  background-color: #f5f5f5;
  bottom: 0;
  height: 60px;
  line-height: 60px;
  position: absolute;
  width: 100%;
}
a.disabled{
  pointer-events: none;
  cursor: default;
}
.alert, .dropdown-toggle, .form-control {
  padding: .75rem;
}
.alert .oi {
  line-height: 24px;
  padding-right: .75rem;
}
.anchor {
  padding-top: 0px;
  margin-top: 0px;
  transition: padding-top .35s ease, margin-top .35s ease;
}
.breadcrumb {
  background-color: inherit;
  line-height: 60px;
  max-width: 468px;
  overflow-x: auto;
}
.dropdown-toggle {
  color: #6c767c;
}
.flex-grow {
  flex-grow: 1;
}
.left-8p {
  left: 8px;
}
.mr-8p {
  margin-right: 8px;
}
.nav-pills {
  overflow-x: auto;
  overflow-y: hidden;
}
.navbar {
  padding: 0;
}
.nav-pills .nav-item {
  margin: 0 .25rem;
  min-width: 32px;
  text-align: center;
}
.nav-pills .nav-link {
  padding: .25rem 0;
}
.nav-pills .nav-link:not(.active) {
  border: 1px solid #dee2e6;
}
.pl-24p {
  padding-left: 24px;
}
.pr-24p {
  padding-right: 24px;
}
.right-8p {
  right: 8px;
}
.table, .table-sm {
  margin-bottom: 0;
  word-break: break-word;
}
.table .thead-light td {
  background-color: #f5f5f5;
}
.table-fixed {
  table-layout: fixed;
}
.table-sm td {
  border-top: 0;
  padding: 0 .3rem 0 0;
}
.table .td-sm {
  padding: .75rem .25rem;
}
.table.collapse.show {
  display: table;
}
.top-14p {
  top: 14px;
}
.w-10 {
  width: 10%;
}
.w-20 {
  width: 20%;
}
.w-40 {
  width: 40%;
}
.w-55p {
  width: 55px;
}
.w-65p {
  width: 65px;
}
.w-75p {
  width: 75px;
}
.w-105p {
  width: 105px;
}
</style>
</head>

<body>

<!-- ^(base.header) -->
<header class="border-bottom sticky-top">
<div class="container">
<nav class="navbar navbar-light border-bottom" aria-label="nav">
<ol class="breadcrumb flex-nowrap text-truncate m-0 p-0">
<li class="breadcrumb-item">
<a href="/">Fairylab</a>
</li>
<li class="breadcrumb-item active" aria-current="page">Leaguefile</li>
</ol>
</nav>

<div class="my-1">
<small class="text-muted">Last reloaded: 06:02:30 PDT (1985-10-26)</small>
</div>

</div>
</header>
<!-- $(base.header) -->

<!-- ^(base.main) -->
<main role="main" class="pb-3">

<!-- ^(leaguefile.completed) -->
<div class="container anchor" id="completed">

<!-- ^(common.heading) -->
<div class="row">
<div class="col-12">
<div class="alert alert-secondary mt-3 mb-0">
<span class="oi oi-task text-secondary"></span>Completed
</div>
</div>
</div>
<!-- $(common.heading) -->

<!-- ^(leaguefile.row) -->
<div class="row">

<!-- ^(leaguefile.column) -->
<div class="col-12">

<!-- ^(common.table) -->
<table class="table border mt-3">

<!-- ^(common.table.head) -->
<thead class="thead-light">
<tr>
<td scope="col">Date</td>
</tr>
</thead>
<!-- $(common.table.head) -->

<!-- ^(common.table.body) -->
<tbody>
<tr>
<td scope="row">19:15:00 PDT (2018-05-08)</td>
</tr>
<tr>
<td scope="row">22:07:00 PDT (2018-05-06)</td>
</tr>
</tbody>
<!-- $(common.table.body) -->

</table>
<!-- $(common.table) -->

</div>
<!-- ^(leaguefile.column) -->

</div>
<!-- ^(leaguefile.row) -->

</div>
<!-- $(leaguefile.upload) -->

</main>
<!-- $(base.main) -->

<!-- ^(base.footer) -->
<footer class="border-top">
<div class="container text-center">
<a href="https://github.com/brunner/filefairy/">
<small>Leaguefile Documentation</small>
</a>
</div>
</footer>
<!-- $(base.footer) -->

<script src="https://code.jquery.com/jquery-3.2.1.slim.min.js"
        integrity="sha384-KJ3o2DKtIkvYIK3UENzmM7KCkRr/rE9/Qpg6aAZGJwFDMVNA/GpGFF93hXpG5KkN"
        crossorigin="anonymous"></script>
<script src="https://cdnjs.cloudflare.com/ajax/libs/popper.js/1.12.9/umd/popper.min.js"
        integrity="sha384-ApNbgh9B+Y1QKtv3Rn7W3mgPxhU9K/ScQsAP7hUibX39j7fakFPskvXusvfa0b4Q"
        crossorigin="anonymous"></script>
<script src="https://maxcdn.bootstrapcdn.com/bootstrap/4.0.0-beta.3/js/bootstrap.min.js"
        integrity="sha384-a5N7Y/aK3qNeh15eJKGWxsqtnX/wWdSZSKp+81YjTmS15nvnvxKHuzaWwXHDli+4"
        crossorigin="anonymous"></script>


</body>

</html>