<!doctype html>
<html lang="en">

<head>

<meta charset="utf-8">
<meta name="viewport" content="width=device-width, initial-scale=1, shrink-to-fit=no">
<link rel="stylesheet"
      href="https://maxcdn.bootstrapcdn.com/bootstrap/4.0.0/css/bootstrap.min.css"
      integrity="sha384-Gn5384xqQ1aoWXA+058RXPxPg6fy4IWvTNh0E263XmFcJlSAwiGgFAW/dAiS6JXm"
      crossorigin="anonymous">
<link rel="stylesheet"
      href="https://cdnjs.cloudflare.com/ajax/libs/open-iconic/1.1.1/font/css/open-iconic-bootstrap.min.css">
<title>Fairylab | statsplus</title>

<style>
html {
  position: relative;
  min-height: 100%;
}
body {
  margin-bottom: 60px;
}
header {
  background-color: #f5f5f5;
  width: 100%;
}
footer {
  background-color: #f5f5f5;
  bottom: 0;
  height: 60px;
  line-height: 60px;
  position: absolute;
  width: 100%;
}
.alert, .form-control {
  padding: .75rem;
}
.alert .oi {
  line-height: 24px;
  padding-right: .75rem;
}
.anchor {
  padding-top: 0px;
  margin-top: 0px;
  transition: padding-top .35s ease, margin-top .35s ease;
}
.breadcrumb {
  background-color: inherit;
  line-height: 60px;
}
.flex-grow {
  flex-grow: 1;
}
.left-8p {
  left: 8px;
}
.navbar {
  padding: 0;
}
.navbar-nav {
  padding: .5rem 0;
}
.navbar .nav-link {
  padding: .5rem;
}
.pl-24p {
  padding-left: 24px;
}
.pr-24p {
  padding-right: 24px;
}
.right-8p {
  right: 8px;
}
.table, .table-sm {
  margin-bottom: 0;
  word-break: break-word;
}
.table .thead-light td {
  background-color: #f5f5f5;
}
.table-fixed {
  table-layout: fixed;
}
.table-sm td {
  border-top: 0;
  padding: 0 .3rem 0 0;
}
.table .td-sm {
  padding: .75rem .25rem;
}
.top-14p {
  top: 14px;
}
.w-10 {
  width: 10%;
}
.w-20 {
  width: 20%;
}
.w-40 {
  width: 40%;
}
.w-55p {
  width: 55px;
}
.w-65p {
  width: 65px;
}
.w-75p {
  width: 75px;
}
.w-105p {
  width: 105px;
}
</style>
</head>

<body>

<!-- ^(base.header) -->
<header class="border-bottom sticky-top">
<div class="container">
<nav class="navbar navbar-light" aria-label="nav">
<ol class="breadcrumb m-0 p-0">
<li class="breadcrumb-item">
<a href="/fairylab/">Home</a>
</li>
<li class="breadcrumb-item active" aria-current="page">Statsplus</li>
</ol>

<!-- ^(common.nav) -->
<button class="navbar-toggler border-0" type="button" data-toggle="collapse"
        data-target="#nav-dropdown" aria-controls="#nav-dropdown"
        aria-expanded="false" aria-label="nav toggler">
<span class="navbar-toggler-icon"></span>
</button>
<div class="collapse navbar-collapse border-top" id="nav-dropdown">
<ul class="navbar-nav">
<li class="nav-item">
<a class="nav-link" href="#overview">Overview</a>
</li>
<li class="nav-item">
<a class="nav-link" href="#filter">Filter</a>
</li>
<li class="nav-item">
<a class="nav-link" href="#scores">Scores</a>
</li>
<li class="nav-item">
<a class="nav-link" href="#injuries">Injuries</a>
</li>
</ul>
</div>
<!-- $(common.nav) -->

</nav>
</div>
</header>
<!-- $(base.header) -->

<!-- ^(base.main) -->
<main role="main" class="pb-3">

<!-- ^(statsplus.overview) -->
<div class="container anchor" id="overview">

<!-- ^(common.heading) -->
<div class="row">
<div class="col-12">
<div class="alert alert-secondary mt-3 mb-0">
<span class="oi oi-monitor text-secondary"></span>Overview
</div>
</div>
</div>
<!-- $(common.heading) -->

<!-- ^(statsplus.row) -->
<div class="row">

<!-- ^(statsplus.column) -->
<div class="col-12">

<!-- ^(common.table) -->
<table class="table table-fixed border border-bottom-0 mt-3">

<!-- ^(common.table.head) -->
<thead class="thead-light">
<tr>
<td scope="col" class="text-center">Postseason</td>
</tr>
</thead>
<!-- $(common.table.head) -->

</table>
<!-- $(common.table) -->

<!-- ^(common.table) -->
<table class="table table-fixed border">

<!-- ^(common.table.body) -->
<tbody>
<tr>
<td scope="row" class="position-relative w-40"><img src="https://orangeandblueleaguebaseball.com/StatsLab/reports/news/html/images/team_logos/seattle_mariners_40.png" width="20" height="20" border="0" class="position-absolute left-8p top-14p"><span class="align-middle d-block text-truncate pl-24p">Seattle</span></td>
<td class="text-center w-10">4</td>
<td class="text-center w-10">2</td>
<td class="position-relative text-right w-40"><img src="https://orangeandblueleaguebaseball.com/StatsLab/reports/news/html/images/team_logos/los_angeles_dodgers_40.png" width="20" height="20" border="0" class="position-absolute right-8p top-14p"><span class="align-middle d-block text-truncate pr-24p">Los Angeles</span></td>
</tr>
</tbody>
<!-- $(common.table.body) -->

</table>
<!-- $(common.table) -->

</div>
<!-- $(statsplus.column) -->

</div>
<!-- $(statsplus.row) -->

</div>
<!-- $(statsplus.overview) -->

<!-- ^(statsplus.filter) -->
<div class="container anchor" id="filter">

<!-- ^(common.heading) -->
<div class="row">
<div class="col-12">
<div class="alert alert-secondary mt-3 mb-0">
<span class="oi oi-magnifying-glass text-secondary"></span>Filter
</div>
</div>
</div>
<!-- $(common.heading) -->

<!-- ^(common.form) -->
<div class="row">
<div class="col-12">
<nav class="navbar navbar-light bg-light mt-3 p-0">
<form class="w-100">
<input class="form-control mr-sm-2" type="search" placeholder="Search"
       aria-label="Search">
</form>
</nav>
</div>
</div>
<!-- $(common.form) -->

</div>
<!-- $(statsplus.filter) -->

<!-- ^(statsplus.scores) -->
<div class="container anchor" id="scores">

<!-- ^(common.heading) -->
<div class="row">
<div class="col-12">
<div class="alert alert-secondary mt-3 mb-0">
<span class="oi oi-layers text-secondary"></span>Scores
</div>
</div>
</div>
<!-- $(common.heading) -->

<!-- ^(statsplus.row) -->
<div class="row">

<!-- ^(statsplus.column) -->
<div class="col-12">

<!-- ^(common.table) -->
<table class="table border mt-3">

<!-- ^(common.table.head) -->
<thead class="thead-light">
<tr>
<td scope="col">Friday, November 4th, 2022</td>
</tr>
</thead>
<!-- $(common.table.head) -->

<!-- ^(common.table.body) -->
<tbody>
<tr>
<td scope="row"><a href="https://orangeandblueleaguebaseball.com/StatsLab/reports/news/html/box_scores/game_box_25072.html">Seattle Mariners 13, Los Angeles Dodgers 3</a></td>
</tr>
</tbody>
<!-- $(common.table.body) -->

</table>
<!-- $(common.table) -->

<!-- ^(common.table) -->
<table class="table border mt-3">

<!-- ^(common.table.head) -->
<thead class="thead-light">
<tr>
<td scope="col">Wednesday, November 2nd, 2022</td>
</tr>
</thead>
<!-- $(common.table.head) -->

<!-- ^(common.table.body) -->
<tbody>
<tr>
<td scope="row"><a href="https://orangeandblueleaguebaseball.com/StatsLab/reports/news/html/box_scores/game_box_25071.html">Seattle Mariners 5, Los Angeles Dodgers 3</a></td>
</tr>
</tbody>
<!-- $(common.table.body) -->

</table>
<!-- $(common.table) -->

<!-- ^(common.table) -->
<table class="table border mt-3">

<!-- ^(common.table.head) -->
<thead class="thead-light">
<tr>
<td scope="col">Tuesday, November 1st, 2022</td>
</tr>
</thead>
<!-- $(common.table.head) -->

<!-- ^(common.table.body) -->
<tbody>
<tr>
<td scope="row"><a href="https://orangeandblueleaguebaseball.com/StatsLab/reports/news/html/box_scores/game_box_25052.html">Seattle Mariners 3, Los Angeles Dodgers 2</a></td>
</tr>
</tbody>
<!-- $(common.table.body) -->

</table>
<!-- $(common.table) -->

<!-- ^(common.table) -->
<table class="table border mt-3">

<!-- ^(common.table.head) -->
<thead class="thead-light">
<tr>
<td scope="col">Monday, October 31st, 2022</td>
</tr>
</thead>
<!-- $(common.table.head) -->

<!-- ^(common.table.body) -->
<tbody>
<tr>
<td scope="row"><a href="https://orangeandblueleaguebaseball.com/StatsLab/reports/news/html/box_scores/game_box_25045.html">Los Angeles Dodgers 5, Seattle Mariners 4</a></td>
</tr>
</tbody>
<!-- $(common.table.body) -->

</table>
<!-- $(common.table) -->

<!-- ^(common.table) -->
<table class="table border mt-3">

<!-- ^(common.table.head) -->
<thead class="thead-light">
<tr>
<td scope="col">Saturday, October 29th, 2022</td>
</tr>
</thead>
<!-- $(common.table.head) -->

<!-- ^(common.table.body) -->
<tbody>
<tr>
<td scope="row"><a href="https://orangeandblueleaguebaseball.com/StatsLab/reports/news/html/box_scores/game_box_25044.html">Seattle Mariners 5, Los Angeles Dodgers 2</a></td>
</tr>
</tbody>
<!-- $(common.table.body) -->

</table>
<!-- $(common.table) -->

<!-- ^(common.table) -->
<table class="table border mt-3">

<!-- ^(common.table.head) -->
<thead class="thead-light">
<tr>
<td scope="col">Friday, October 28th, 2022</td>
</tr>
</thead>
<!-- $(common.table.head) -->

<!-- ^(common.table.body) -->
<tbody>
<tr>
<td scope="row"><a href="https://orangeandblueleaguebaseball.com/StatsLab/reports/news/html/box_scores/game_box_25041.html">Los Angeles Dodgers 5, Seattle Mariners 3</a></td>
</tr>
</tbody>
<!-- $(common.table.body) -->

</table>
<!-- $(common.table) -->

</div>
<!-- $(statsplus.column) -->

</div>
<!-- $(statsplus.row) -->

</div>
<!-- $(statsplus.scores) -->

<!-- ^(statsplus.injuries) -->
<div class="container anchor" id="injuries">

<!-- ^(common.heading) -->
<div class="row">
<div class="col-12">
<div class="alert alert-secondary mt-3 mb-0">
<span class="oi oi-pulse text-secondary"></span>Injuries
</div>
</div>
</div>
<!-- $(common.heading) -->

<!-- ^(statsplus.row) -->
<div class="row">

<!-- ^(statsplus.column) -->
<div class="col-12">

<!-- ^(common.table) -->
<table class="table border mt-3">

<!-- ^(common.table.head) -->
<thead class="thead-light">
<tr>
<td scope="col">Monday, October 31st, 2022</td>
</tr>
</thead>
<!-- $(common.table.head) -->

<!-- ^(common.table.body) -->
<tbody>
<tr>
<td scope="row">RP <a href="https://orangeandblueleaguebaseball.com/StatsLab/reports/news/html/players/player_19570.html">Josh Outman</a> was injured while pitching (Los Angeles Dodgers @ Seattle Mariners)</td>
</tr>
</tbody>
<!-- $(common.table.body) -->

</table>
<!-- $(common.table) -->

<!-- ^(common.table) -->
<table class="table border mt-3">

<!-- ^(common.table.head) -->
<thead class="thead-light">
<tr>
<td scope="col">Friday, October 28th, 2022</td>
</tr>
</thead>
<!-- $(common.table.head) -->

<!-- ^(common.table.body) -->
<tbody>
<tr>
<td scope="row">SP <a href="https://orangeandblueleaguebaseball.com/StatsLab/reports/news/html/players/player_33236.html">Mario Ram?rez</a> was injured while pitching (Seattle Mariners @ Los Angeles Dodgers)</td>
</tr>
</tbody>
<!-- $(common.table.body) -->

</table>
<!-- $(common.table) -->

</div>
<!-- $(statsplus.column) -->

</div>
<!-- $(statsplus.row) -->

</div>
<!-- $(statsplus.injuries) -->


</main>
<!-- $(base.main) -->

<!-- ^(base.footer) -->
<footer class="border-top">
<div class="container text-center">
<small class="text-muted">Last reloaded: 1985-10-26 06:02:30 PST</small>
</div>
</footer>
<!-- $(base.footer) -->

<script src="https://code.jquery.com/jquery-3.2.1.slim.min.js"
        integrity="sha384-KJ3o2DKtIkvYIK3UENzmM7KCkRr/rE9/Qpg6aAZGJwFDMVNA/GpGFF93hXpG5KkN"
        crossorigin="anonymous"></script>
<script src="https://cdnjs.cloudflare.com/ajax/libs/popper.js/1.12.9/umd/popper.min.js"
        integrity="sha384-ApNbgh9B+Y1QKtv3Rn7W3mgPxhU9K/ScQsAP7hUibX39j7fakFPskvXusvfa0b4Q"
        crossorigin="anonymous"></script>
<script src="https://maxcdn.bootstrapcdn.com/bootstrap/4.0.0-beta.3/js/bootstrap.min.js"
        integrity="sha384-a5N7Y/aK3qNeh15eJKGWxsqtnX/wWdSZSKp+81YjTmS15nvnvxKHuzaWwXHDli+4"
        crossorigin="anonymous"></script>
<script>
$('.navbar-toggler').one('click', function(e) {
  setTimeout(function() {
    var height = $('header').height() + 1;
    var css = '<style> .anchor.offset { padding-top: %spx; margin-top: -%spx; } </style>';
    $(css.replace(/%s/g, height)).appendTo('head');
  }, 500);
});
$('.navbar-toggler').on('click', function(e) {
  $('.anchor').toggleClass('offset');
});
</script>

<!-- ^(common.form_js) -->
<script>
var filter = '';
$('.form-control').on('change keyup paste mouseup', function(e) {
  var val = $(this).val().toLowerCase();
  if (val != filter) {
    filter = val;
    $.each(['scores', 'injuries', 'highlights'], function(i, v) {
      container = $('#' + v);
      $('tbody td', container).each(function(e) {
        if ($(this).text().toLowerCase().indexOf(filter) != -1) {
          $(this).removeClass('d-none');
        } else {
          $(this).addClass('d-none');
        }
      });
      $('table', container).each(function(e) {
        if ($(this).find('tbody td:not(.d-none)').length != 0) {
          $(this).removeClass('d-none');
        } else {
          $(this).addClass('d-none');
        }
      });
    })
  }
});
</script>
<!-- $(common.form_js) -->

</body>

</html>