<!doctype html>
<html lang="en">

<head>
  <meta charset="utf-8">
  <meta name="viewport" content="width=device-width, initial-scale=1, shrink-to-fit=no">
  <link rel="stylesheet"
        href="https://maxcdn.bootstrapcdn.com/bootstrap/4.0.0/css/bootstrap.min.css"
        integrity="sha384-Gn5384xqQ1aoWXA+058RXPxPg6fy4IWvTNh0E263XmFcJlSAwiGgFAW/dAiS6JXm"
        crossorigin="anonymous">
  <link rel="stylesheet"
        href="https://cdnjs.cloudflare.com/ajax/libs/open-iconic/1.1.1/font/css/open-iconic-bootstrap.min.css">
  <title>Fairylab | statsplus</title>
  <style>
    html {
      position: relative;
      min-height: 100%;
    }
    body {
      margin: 60px 0;
    }
    header, footer {
      position: absolute;
      width: 100%;
      height: 60px;
      line-height: 60px;
      background-color: #f5f5f5;
    }
    header {
      top: 0;
    }
    footer {
      bottom: 0;
    }
    .alert, .form-control {
      padding: .75rem;
    }
    .alert .oi {
      line-height: 24px;
      padding-right: .75rem;
    }
    .breadcrumb {
      background-color: inherit;
    }
    .flex-grow {
      flex-grow: 1;
    }
    .left-8p {
      left: 8px;
    }
    .pl-24p {
      padding-left: 24px;
    }
    .pr-24p {
      padding-right: 24px;
    }
    .right-8p {
      right: 8px;
    }
    .table, .table-sm {
      margin-bottom: 0;
    }
    .table .thead-light td {
      background-color: #f5f5f5;
    }
    .table-fixed {
      table-layout: fixed;
    }
    .table-sm td {
      border-top: 0;
      padding: 0 .3rem 0 0;
    }
    .table .td-sm {
      padding: .75rem .25rem;
    }
    .top-14p {
      top: 14px;
    }
    .w-10 {
      width: 10%;
    }
    .w-20 {
      width: 20%;
    }
    .w-40 {
      width: 40%;
    }
    .w-55p {
      width: 55px;
    }
  </style>
</head>

<body>
  <header class="border-bottom">
    <div class="container">
      <nav aria-label="breadcrumb">
        <ol class="breadcrumb m-0 p-0">
          <li class="breadcrumb-item">
            <a href="/fairylab/">Home</a>
          </li>
          <li class="breadcrumb-item active"
              aria-current="page">Statsplus</li>
        </ol>
      </nav>
    </div>
  </header>
  <main role="main" class="pb-3">
    <div class="container">
      <div class="row">
        <div class="col-12">
          <div class="alert alert-secondary mt-3 mb-0">
            <span class="oi oi-monitor text-secondary"></span>Overview
          </div>
        </div>
      </div>
      <div class="row">
        <div class="col-12">
          <table class="table table-fixed border border-bottom-0 mt-3">
            <thead class="thead-light">
              <tr>
                <td scope="col" class="text-center">Postseason</td>
              </tr>
            </thead>
          </table>
          <table class="table table-fixed border">
            <tbody>
              <tr>
                <td scope="row" class="position-relative w-40"><img src="https://orangeandblueleaguebaseball.com/StatsLab/reports/news/html/images/team_logos/seattle_mariners_40.png" width="20" height="20" border="0" class="position-absolute left-8p top-14p"><span class="align-middle d-block text-truncate pl-24p">Seattle</span></td>
                <td class="text-center w-10">4</td>
                <td class="text-center w-10">1</td>
                <td class="position-relative text-right w-40"><img src="https://orangeandblueleaguebaseball.com/StatsLab/reports/news/html/images/team_logos/boston_red_sox_40.png" width="20" height="20" border="0" class="position-absolute right-8p top-14p"><span class="align-middle d-block text-truncate pr-24p">Boston</span></td>
              </tr>
              <tr>
                <td scope="row" class="position-relative w-40"><img src="https://orangeandblueleaguebaseball.com/StatsLab/reports/news/html/images/team_logos/los_angeles_dodgers_40.png" width="20" height="20" border="0" class="position-absolute left-8p top-14p"><span class="align-middle d-block text-truncate pl-24p">Los Angeles</span></td>
                <td class="text-center w-10">4</td>
                <td class="text-center w-10">2</td>
                <td class="position-relative text-right w-40"><img src="https://orangeandblueleaguebaseball.com/StatsLab/reports/news/html/images/team_logos/san_diego_padres_40.png" width="20" height="20" border="0" class="position-absolute right-8p top-14p"><span class="align-middle d-block text-truncate pr-24p">San Diego</span></td>
              </tr>
            </tbody>
          </table>
        </div>
      </div>
    </div>
    <div class="container">
      <div class="row">
        <div class="col-12">
          <div class="alert alert-secondary mt-3 mb-0">
            <span class="oi oi-magnifying-glass text-secondary"></span>Filter
          </div>
        </div>
      </div>
      <div class="row">
        <div class="col-12">
          <nav class="navbar navbar-light bg-light mt-3 p-0">
            <form class="w-100">
              <input class="form-control mr-sm-2" type="search"
                     placeholder="Search" aria-label="Search">
            </form>
          </nav>
        </div>
      </div>
    </div>
    <div class="container">
      <div class="row">
        <div class="col-12">
          <div class="alert alert-secondary mt-3 mb-0">
            <span class="oi oi-layers text-secondary"></span>Scores
          </div>
        </div>
      </div>
      <div class="row" id="scores">
        <div class="col-12">
          <table class="table border mt-3">
            <thead class="thead-light">
              <tr>
                <td scope="col">Wednesday, October 26th, 2022</td>
              </tr>
            </thead>
            <tbody>
              <tr>
                <td scope="row"><a href="https://orangeandblueleaguebaseball.com/StatsLab/reports/news/html/box_scores/game_box_25051.html">Los Angeles Dodgers 8, San Diego Padres 3</a></td>
              </tr>
            </tbody>
          </table>
          <table class="table border mt-3">
            <thead class="thead-light">
              <tr>
                <td scope="col">Tuesday, October 25th, 2022</td>
              </tr>
            </thead>
            <tbody>
              <tr>
                <td scope="row"><a href="https://orangeandblueleaguebaseball.com/StatsLab/reports/news/html/box_scores/game_box_25043.html">Seattle Mariners 6, Boston Red Sox 3</a></td>
              </tr>
            </tbody>
          </table>
          <table class="table border mt-3">
            <thead class="thead-light">
              <tr>
                <td scope="col">Monday, October 24th, 2022</td>
              </tr>
            </thead>
            <tbody>
              <tr>
                <td scope="row"><a href="https://orangeandblueleaguebaseball.com/StatsLab/reports/news/html/box_scores/game_box_25050.html">San Diego Padres 7, Los Angeles Dodgers 2</a></td>
              </tr>
              <tr>
                <td scope="row"><a href="https://orangeandblueleaguebaseball.com/StatsLab/reports/news/html/box_scores/game_box_25042.html">Seattle Mariners 1, Boston Red Sox 0</a></td>
              </tr>
            </tbody>
          </table>
          <table class="table border mt-3">
            <thead class="thead-light">
              <tr>
                <td scope="col">Sunday, October 23rd, 2022</td>
              </tr>
            </thead>
            <tbody>
              <tr>
                <td scope="row"><a href="https://orangeandblueleaguebaseball.com/StatsLab/reports/news/html/box_scores/game_box_25034.html">Boston Red Sox 3, Seattle Mariners 2</a></td>
              </tr>
              <tr>
                <td scope="row"><a href="https://orangeandblueleaguebaseball.com/StatsLab/reports/news/html/box_scores/game_box_25049.html">Los Angeles Dodgers 3, San Diego Padres 2</a></td>
              </tr>
            </tbody>
          </table>
          <table class="table border mt-3">
            <thead class="thead-light">
              <tr>
                <td scope="col">Saturday, October 22nd, 2022</td>
              </tr>
            </thead>
            <tbody>
              <tr>
                <td scope="row"><a href="https://orangeandblueleaguebaseball.com/StatsLab/reports/news/html/box_scores/game_box_25048.html">Los Angeles Dodgers 4, San Diego Padres 3</a></td>
              </tr>
            </tbody>
          </table>
          <table class="table border mt-3">
            <thead class="thead-light">
              <tr>
                <td scope="col">Friday, October 21st, 2022</td>
              </tr>
            </thead>
            <tbody>
              <tr>
                <td scope="row"><a href="https://orangeandblueleaguebaseball.com/StatsLab/reports/news/html/box_scores/game_box_25029.html">Seattle Mariners 3, Boston Red Sox 2</a></td>
              </tr>
            </tbody>
          </table>
          <table class="table border mt-3">
            <thead class="thead-light">
              <tr>
                <td scope="col">Thursday, October 20th, 2022</td>
              </tr>
            </thead>
            <tbody>
              <tr>
                <td scope="row"><a href="https://orangeandblueleaguebaseball.com/StatsLab/reports/news/html/box_scores/game_box_25047.html">Los Angeles Dodgers 13, San Diego Padres 7</a></td>
              </tr>
              <tr>
                <td scope="row"><a href="https://orangeandblueleaguebaseball.com/StatsLab/reports/news/html/box_scores/game_box_25024.html">Seattle Mariners 2, Boston Red Sox 0</a></td>
              </tr>
            </tbody>
          </table>
          <table class="table border mt-3">
            <thead class="thead-light">
              <tr>
                <td scope="col">Wednesday, October 19th, 2022</td>
              </tr>
            </thead>
            <tbody>
              <tr>
                <td scope="row"><a href="https://orangeandblueleaguebaseball.com/StatsLab/reports/news/html/box_scores/game_box_25046.html">San Diego Padres 2, Los Angeles Dodgers 0</a></td>
              </tr>
            </tbody>
          </table>
        </div>
      </div>
    </div>
    <div class="container">
      <div class="row">
        <div class="col-12">
          <div class="alert alert-secondary mt-3 mb-0">
            <span class="oi oi-pulse text-secondary"></span>Injuries
          </div>
        </div>
      </div>
      <div class="row" id="injuries">
        <div class="col-12">
          <table class="table border mt-3">
            <thead class="thead-light">
              <tr>
                <td scope="col">Monday, October 24th, 2022</td>
              </tr>
            </thead>
            <tbody>
              <tr>
                <td scope="row">C <a href="https://orangeandblueleaguebaseball.com/StatsLab/reports/news/html/players/player_48236.html">Wilson Garcia</a> was injured being hit by a pitch (San Diego Padres @ Los Angeles Dodgers)</td>
              </tr>
            </tbody>
          </table>
          <table class="table border mt-3">
            <thead class="thead-light">
              <tr>
                <td scope="col">Thursday, October 20th, 2022</td>
              </tr>
            </thead>
            <tbody>
              <tr>
                <td scope="row">3B <a href="https://orangeandblueleaguebaseball.com/StatsLab/reports/news/html/players/player_22458.html">Alex Bregman</a> was injured while running the bases (Los Angeles Dodgers @ San Diego Padres)</td>
              </tr>
            </tbody>
          </table>
          <table class="table border mt-3">
            <thead class="thead-light">
              <tr>
                <td scope="col">Wednesday, October 19th, 2022</td>
              </tr>
            </thead>
            <tbody>
              <tr>
                <td scope="row">SP <a href="https://orangeandblueleaguebaseball.com/StatsLab/reports/news/html/players/player_37102.html">Jairo Labourt</a> was injured while pitching (Seattle Mariners @ Boston Red Sox)</td>
              </tr>
            </tbody>
          </table>
        </div>
      </div>
    </div>
    <div class="container">
      <div class="row">
        <div class="col-12">
          <div class="alert alert-secondary mt-3 mb-0">
            <span class="oi oi-bolt text-secondary"></span>Highlights
          </div>
        </div>
      </div>
      <div class="row" id="highlights">
        <div class="col-12">
          <table class="table border mt-3">
            <thead class="thead-light">
              <tr>
                <td scope="col">Saturday, October 8th, 2022</td>
              </tr>
            </thead>
            <tbody>
              <tr>
                <td scope="row"><a href="https://orangeandblueleaguebaseball.com/StatsLab/reports/news/html/players/player_30744.html">Brad Debo</a> sets the NL playoff game record for doubles with 3 (San Diego Padres @ Los Angeles Dodgers)</td>
              </tr>
            </tbody>
          </table>
        </div>
      </div>
    </div>
  </main>
  <footer class="border-top">
    <div class="container text-center">
      <small class="text-muted">Last reloaded: 1985-10-26 06:02:30 PST</small>
    </div>
  </footer>

  <script src="https://code.jquery.com/jquery-3.2.1.slim.min.js"
          integrity="sha384-KJ3o2DKtIkvYIK3UENzmM7KCkRr/rE9/Qpg6aAZGJwFDMVNA/GpGFF93hXpG5KkN"
          crossorigin="anonymous"></script>
  <script src="https://cdnjs.cloudflare.com/ajax/libs/popper.js/1.12.9/umd/popper.min.js"
          integrity="sha384-ApNbgh9B+Y1QKtv3Rn7W3mgPxhU9K/ScQsAP7hUibX39j7fakFPskvXusvfa0b4Q"
          crossorigin="anonymous"></script>
  <script src="https://maxcdn.bootstrapcdn.com/bootstrap/4.0.0-beta.3/js/bootstrap.min.js"
          integrity="sha384-a5N7Y/aK3qNeh15eJKGWxsqtnX/wWdSZSKp+81YjTmS15nvnvxKHuzaWwXHDli+4"
          crossorigin="anonymous"></script>
  <script>
    var filter = '';
    $('.form-control').on('change keyup paste mouseup', function(e) {
      var val = $(this).val().toLowerCase();
      if (val != filter) {
        filter = val;
        $.each(['#scores', '#injuries', '#highlights'], function(i, v) {
          row = $(v)
          $('tbody td', row).each(function(e) {
            if ($(this).text().toLowerCase().indexOf(filter) != -1) {
              $(this).removeClass('d-none');
            } else {
              $(this).addClass('d-none');
            }
          });
          $('table', row).each(function(e) {
            if ($(this).find('tbody td:not(.d-none)').length != 0) {
              $(this).removeClass('d-none');
            } else {
              $(this).addClass('d-none');
            }
          });
        })
      }
    });
  </script>
</body>

</html>