<!doctype html>
<html lang="en">

<head>
  <meta charset="utf-8">
  <meta name="viewport" content="width=device-width, initial-scale=1, shrink-to-fit=no">
  <link rel="stylesheet"
        href="https://maxcdn.bootstrapcdn.com/bootstrap/4.0.0/css/bootstrap.min.css"
        integrity="sha384-Gn5384xqQ1aoWXA+058RXPxPg6fy4IWvTNh0E263XmFcJlSAwiGgFAW/dAiS6JXm"
        crossorigin="anonymous">
  <link rel="stylesheet"
        href="https://cdnjs.cloudflare.com/ajax/libs/open-iconic/1.1.1/font/css/open-iconic-bootstrap.min.css">
  <title>Fairylab | recap</title>
  <style>
    html {
      position: relative;
      min-height: 100%;
    }
    body {
      margin: 60px 0;
    }
    header, footer {
      position: absolute;
      width: 100%;
      height: 60px;
      line-height: 60px;
      background-color: #f5f5f5;
    }
    header {
      top: 0;
    }
    footer {
      bottom: 0;
    }
    .alert, .form-control {
      padding: .75rem;
    }
    .alert .oi {
      line-height: 24px;
      padding-right: .75rem;
    }
    .breadcrumb {
      background-color: inherit;
    }
    .flex-grow {
      flex-grow: 1;
    }
    .table, .table-sm {
      margin-bottom: 0;
    }
    .table .thead-light td {
      background-color: #f5f5f5;
    }
    .table-sm td {
      border-top: 0;
      padding: 0 .3rem 0 0;
      word-break: break-word;
    }
  </style>
</head>

<body>
  <header class="border-bottom">
    <div class="container">
      <nav aria-label="breadcrumb">
        <ol class="breadcrumb m-0 p-0">
          <li class="breadcrumb-item">
            <a href="/fairylab/">Home</a>
          </li>
          <li class="breadcrumb-item active"
              aria-current="page">Recap</li>
        </ol>
      </nav>
    </div>
  </header>
  <main role="main" class="pb-3">
    <div class="container">
      <div class="row">
        <div class="col-12">
          <nav class="navbar navbar-light bg-light mt-3 p-0">
            <form class="w-100">
              <input class="form-control mr-sm-2" type="search"
                     placeholder="Filter" aria-label="Filter">
            </form>
          </nav>
        </div>
      </div>
    </div>
    <div class="container">
      <div class="row">
        <div class="col-12">
          <div class="alert alert-secondary mt-3 mb-0">
            <span class="oi oi-pulse text-secondary"></span>Injuries
          </div>
        </div>
      </div>
      <div class="row">
        <div class="col-12">
          <table class="table border mt-3">
            <thead class="thead-light">
              <tr>
                <td scope="col">Monday, July 4th, 2022</td>
              </tr>
            </thead>
            <tbody>
              <tr>
                <td scope="row">Pittsburgh Pirates: <a href="../players/player_35155.html">John Barbato</a> diagnosed with a sore forearm, is day-to-day for 5 days.</td>
              </tr>
            </tbody>
          </table>
          <table class="table border mt-3">
            <thead class="thead-light">
              <tr>
                <td scope="col">Sunday, July 3th, 2022</td>
              </tr>
            </thead>
            <tbody>
              <tr>
                <td scope="row">Los Angeles Angels: SP <a href="../players/player_37318.html">Ty Blach</a> was injured while pitching.  The Diagnosis: back stiffness. This is a day-to-day injury expected to last 5 days.</td>
              </tr>
              <tr>
                <td scope="row">Washington Nationals: RP <a href="../players/player_32624.html">Hunter Strickland</a> was injured while pitching.  The Diagnosis: back spasms. This is a day-to-day injury expected to last 5 days.</td>
              </tr>
              <tr>
                <td scope="row">Tampa Bay Rays: RP <a href="../players/player_1958.html">Javier Medina</a> was injured while pitching.  The diagnosis is not yet known.</td>
              </tr>
              <tr>
                <td scope="row">Pittsburgh Pirates: SP <a href="../players/player_35155.html">John Barbato</a> was injured while pitching.  The diagnosis is not yet known.</td>
              </tr>
              <tr>
                <td scope="row">Pittsburgh Pirates: CF <a href="../players/player_1604.html">Carl Chester</a> was injured on a defensive play.  The diagnosis is not yet known.</td>
              </tr>
              <tr>
                <td scope="row">Detroit Tigers: RP <a href="../players/player_22457.html">Walker Buehler</a> was injured while pitching.  The diagnosis is not yet known.</td>
              </tr>
            </tbody>
          </table>
        </div>
      </div>
    </div>
    <div class="container">
      <div class="row">
        <div class="col-12">
          <div class="alert alert-secondary mt-3 mb-0">
            <span class="oi oi-rss text-secondary"></span>News
          </div>
        </div>
      </div>
      <div class="row">
        <div class="col-12">
          <table class="table border mt-3">
            <thead class="thead-light">
              <tr>
                <td scope="col">Monday, July 4th, 2022</td>
              </tr>
            </thead>
            <tbody>
              <tr>
                <td scope="row">1B <a href="../players/player_33892.html">Viosergy Rosa</a> of the Chicago White Sox honored: Wins the MLB AL Player of the Week Award.</td>
              </tr>
              <tr>
                <td scope="row">1B <a href="../players/player_27194.html">Freddie Freeman</a> of the Atlanta Braves honored: Wins the MLB NL Player of the Week Award.</td>
              </tr>
            </tbody>
          </table>
        </div>
      </div>
    </div>
    <div class="container">
      <div class="row">
        <div class="col-12">
          <div class="alert alert-secondary mt-3 mb-0">
            <span class="oi oi-loop-circular text-secondary"></span>Transactions
          </div>
        </div>
      </div>
      <div class="row">
        <div class="col-12">
          <table class="table border mt-3">
            <thead class="thead-light">
              <tr>
                <td scope="col">Monday, July 4th, 2022</td>
              </tr>
            </thead>
            <tbody>
              <tr>
                <td scope="row">San Diego Padres: Signed <a href="../players/player_56862.html">Antonio Marquis</a> to a minor league contract with a signing bonus of $180,000.</td>
              </tr>
              <tr>
                <td scope="row">The Detroit Tigers traded 25-year-old minor league left fielder <a href="../players/player_28672.html">Nick Plummer</a> to the Milwaukee Brewers, getting 33-year-old closer <a href="../players/player_36352.html">Phil Klein</a> in return.</td>
              </tr>
              <tr>
                <td scope="row">The Detroit Tigers traded 25-year-old minor league left fielder <a href="../players/player_25202.html">Wesley Rodriguez</a> and 31-year-old left fielder <a href="../players/player_33588.html">Michael A. Taylor</a> to the Chicago Cubs, getting 30-year-old right fielder <a href="../players/player_35161.html">Drew Vettleson</a> in return.</td>
              </tr>
              <tr>
                <td scope="row">The Detroit Tigers traded 21-year-old minor league shortstop <a href="../players/player_32327.html">Jesus Martinez</a> to the Philadelphia Phillies, getting 28-year-old left fielder <a href="../players/player_37237.html">Mitch Nay</a> in return.</td>
              </tr>
              <tr>
                <td scope="row">The Minnesota Twins traded 25-year-old first baseman <a href="../players/player_39581.html">Lewin Diaz</a> to the Chicago Cubs, getting 30-year-old starting pitcher <a href="../players/player_37975.html">Matt Anderson</a>, 19-year-old minor league starting pitcher <a href="../players/player_22921.html">Juan Monreal</a> and 21-year-old minor league catcher <a href="../players/player_55093.html">Jonathan Salazar</a> in return.</td>
              </tr>
            </tbody>
          </table>
        </div>
      </div>
    </div>
  </main>
  <footer class="border-top">
    <div class="container text-center">
      <small class="text-muted">Last reloaded: 1985-10-26 06:02:30 PST</small>
    </div>
  </footer>

  <script src="https://code.jquery.com/jquery-3.2.1.slim.min.js"
          integrity="sha384-KJ3o2DKtIkvYIK3UENzmM7KCkRr/rE9/Qpg6aAZGJwFDMVNA/GpGFF93hXpG5KkN"
          crossorigin="anonymous"></script>
  <script src="https://cdnjs.cloudflare.com/ajax/libs/popper.js/1.12.9/umd/popper.min.js"
          integrity="sha384-ApNbgh9B+Y1QKtv3Rn7W3mgPxhU9K/ScQsAP7hUibX39j7fakFPskvXusvfa0b4Q"
          crossorigin="anonymous"></script>
  <script src="https://maxcdn.bootstrapcdn.com/bootstrap/4.0.0-beta.3/js/bootstrap.min.js"
          integrity="sha384-a5N7Y/aK3qNeh15eJKGWxsqtnX/wWdSZSKp+81YjTmS15nvnvxKHuzaWwXHDli+4"
          crossorigin="anonymous"></script>
  <script>
    var filter = '';
    $('.form-control').on('change keyup paste mouseup', function(e) {
      var val = $(this).val().toLowerCase();
      if (val != filter) {
        filter = val;
        $('tbody td').each(function(e) {
          if ($(this).text().toLowerCase().indexOf(filter) != -1) {
            $(this).removeClass('d-none');
          } else {
            $(this).addClass('d-none');
          }
        });
        $('table').each(function(e) {
          if ($(this).find('tbody td:not(.d-none)').length != 0) {
            $(this).removeClass('d-none');
          } else {
            $(this).addClass('d-none');
          }
        });
      }
    });
  </script>
</body>

</html>