<!doctype html>
<html lang="en">

<head>

<meta charset="utf-8">
<meta name="viewport" content="width=device-width, initial-scale=1, shrink-to-fit=no">
<link rel="stylesheet"
      href="https://maxcdn.bootstrapcdn.com/bootstrap/4.0.0/css/bootstrap.min.css"
      integrity="sha384-Gn5384xqQ1aoWXA+058RXPxPg6fy4IWvTNh0E263XmFcJlSAwiGgFAW/dAiS6JXm"
      crossorigin="anonymous">
<link rel="stylesheet"
      href="https://cdnjs.cloudflare.com/ajax/libs/open-iconic/1.1.1/font/css/open-iconic-bootstrap.min.css">
<title>Fairylab | leaguefile</title>

<style>
html {
  position: relative;
  min-height: 100%;
}
body {
  margin-bottom: 60px;
}
header {
  background-color: #f5f5f5;
  width: 100%;
}
footer {
  background-color: #f5f5f5;
  bottom: 0;
  height: 60px;
  line-height: 60px;
  position: absolute;
  width: 100%;
}
.alert, .form-control {
  padding: .75rem;
}
.alert .oi {
  line-height: 24px;
  padding-right: .75rem;
}
.anchor {
  padding-top: 0px;
  margin-top: 0px;
  transition: padding-top .35s ease, margin-top .35s ease;
}
.breadcrumb {
  background-color: inherit;
  line-height: 60px;
}
.flex-grow {
  flex-grow: 1;
}
.left-8p {
  left: 8px;
}
.navbar {
  padding: 0;
}
.navbar-nav {
  padding: .5rem 0;
}
.navbar .nav-link {
  padding: .5rem;
}
.pl-24p {
  padding-left: 24px;
}
.pr-24p {
  padding-right: 24px;
}
.right-8p {
  right: 8px;
}
.table, .table-sm {
  margin-bottom: 0;
  word-break: break-word;
}
.table .thead-light td {
  background-color: #f5f5f5;
}
.table-fixed {
  table-layout: fixed;
}
.table-sm td {
  border-top: 0;
  padding: 0 .3rem 0 0;
}
.table .td-sm {
  padding: .75rem .25rem;
}
.top-14p {
  top: 14px;
}
.w-10 {
  width: 10%;
}
.w-20 {
  width: 20%;
}
.w-40 {
  width: 40%;
}
.w-55p {
  width: 55px;
}
.w-65p {
  width: 65px;
}
.w-75p {
  width: 75px;
}
.w-105p {
  width: 105px;
}
</style>
</head>

<body>

<!-- ^(base.header) -->
<header class="border-bottom sticky-top">
<div class="container">
<nav class="navbar navbar-light" aria-label="nav">
<ol class="breadcrumb m-0 p-0">
<li class="breadcrumb-item">
<a href="/">Fairylab</a>
</li>
<li class="breadcrumb-item active" aria-current="page">Leaguefile</li>
</ol>

<!-- ^(common.nav) -->
<button class="navbar-toggler border-0" type="button" data-toggle="collapse"
        data-target="#nav-dropdown" aria-controls="#nav-dropdown"
        aria-expanded="false" aria-label="nav toggler">
<span class="navbar-toggler-icon"></span>
</button>
<div class="collapse navbar-collapse border-top" id="nav-dropdown">
<ul class="navbar-nav">
<li class="nav-item">
<a class="nav-link" href="#upload">Upload</a>
</li>
<li class="nav-item">
<a class="nav-link" href="#download">Download</a>
</li>
<li class="nav-item">
<a class="nav-link" href="#completed">Completed</a>
</li>
</ul>
</div>
<!-- $(common.nav) -->

</nav>
</div>
</header>
<!-- $(base.header) -->

<!-- ^(base.main) -->
<main role="main" class="pb-3">

<!-- ^(leaguefile.upload) -->
<div class="container anchor" id="upload">

<!-- ^(common.heading) -->
<div class="row">
<div class="col-12">
<div class="alert alert-secondary mt-3 mb-0">
<span class="oi oi-cloud-upload text-secondary"></span>Upload
</div>
</div>
</div>
<!-- $(common.heading) -->

<!-- ^(leaguefile.row) -->
<div class="row">

<!-- ^(leaguefile.column) -->
<div class="col-12">

<!-- ^(common.card) -->
<div class="card d-flex flex-column flex-grow mt-3">

<!-- ^(common.card.body) -->
<div class="card-body d-flex flex-column">
<div class="d-flex flex-row">
<h5 class="card-title flex-grow">
Mar 10
</h5>
<div><span class="btn btn-success btn-sm disabled">completed</span></div>
</div>


<!-- ^(common.table) -->
<table class="table table-sm">

<!-- ^(common.table.body) -->
<tbody>
<tr>
<td scope="row" class="w-55p">Time: </td>
<td>4h 56m</td>
</tr>
<tr>
<td scope="row" class="w-55p">Size: </td>
<td>359,969,530</td>
</tr>
</tbody>
<!-- $(common.table.body) -->

</table>
<!-- $(common.table) -->

</div>
<!-- $(common.card.body) -->

<!-- ^(common.card.footer) -->
<div class="card-footer text-muted text-truncate">
<small>Last activity: 06:02:30 EDT (1985-10-26)</small>
</div>
<!-- $(common.card.footer) -->

</div>
<!-- $(common.card) -->

</div>
<!-- $(leaguefile.column) -->

</div>
<!-- ^(leaguefile.row) -->

</div>
<!-- $(leaguefile.upload) -->

<!-- ^(leaguefile.download) -->
<div class="container anchor" id="download">

<!-- ^(common.heading) -->
<div class="row">
<div class="col-12">
<div class="alert alert-secondary mt-3 mb-0">
<span class="oi oi-cloud-download text-secondary"></span>Download
</div>
</div>
</div>
<!-- $(common.heading) -->

<!-- ^(leaguefile.row) -->
<div class="row">

<!-- ^(leaguefile.column) -->
<div class="col-12">

<!-- ^(common.card) -->
<div class="card d-flex flex-column flex-grow mt-3">

<!-- ^(common.card.body) -->
<div class="card-body d-flex flex-column">
<div class="d-flex flex-row">
<h5 class="card-title flex-grow">
Mar 10
</h5>
<div><span class="btn btn-success btn-sm disabled">ongoing</span></div>
</div>


<!-- ^(common.table) -->
<table class="table table-sm">

<!-- ^(common.table.body) -->
<tbody>
<tr>
<td scope="row" class="w-55p">Time: </td>
<td>3m</td>
</tr>
<tr>
<td scope="row" class="w-55p">Size: </td>
<td>59,969,530</td>
</tr>
</tbody>
<!-- $(common.table.body) -->

</table>
<!-- $(common.table) -->

</div>
<!-- $(common.card.body) -->

<!-- ^(common.card.footer) -->
<div class="card-footer text-muted text-truncate">
<small>Last activity: 06:02:30 EDT (1985-10-26)</small>
</div>
<!-- $(common.card.footer) -->

</div>
<!-- $(common.card) -->

</div>
<!-- ^(leaguefile.column) -->

</div>
<!-- ^(leaguefile.row) -->

</div>
<!-- $(leaguefile.upload) -->

<!-- ^(leaguefile.completed) -->
<div class="container anchor" id="completed">

<!-- ^(common.heading) -->
<div class="row">
<div class="col-12">
<div class="alert alert-secondary mt-3 mb-0">
<span class="oi oi-task text-secondary"></span>Completed
</div>
</div>
</div>
<!-- $(common.heading) -->

<!-- ^(leaguefile.row) -->
<div class="row">

<!-- ^(leaguefile.column) -->
<div class="col-12">

<!-- ^(common.table) -->
<table class="table border mt-3">

<!-- ^(common.table.head) -->
<thead class="thead-light">
<tr>
<td scope="col">Date</td>
<td scope="col" class="text-center">Upload</td>
<td scope="col" class="text-center">Download</td>
<td scope="col" class="text-right">Size</td>
</tr>
</thead>
<!-- $(common.table.head) -->

<!-- ^(common.table.body) -->
<tbody>
<tr>
<td scope="row">Mar 8</td>
<td class="text-center">10h 11m</td>
<td class="text-center">11m</td>
<td class="text-right">358,347,534</td>
</tr>
<tr>
<td scope="row">Mar 6</td>
<td class="text-center">9h 34m</td>
<td class="text-center">6m</td>
<td class="text-right">356,922,996</td>
</tr>
</tbody>
<!-- $(common.table.body) -->

</table>
<!-- $(common.table) -->

</div>
<!-- ^(leaguefile.column) -->

</div>
<!-- ^(leaguefile.row) -->

</div>
<!-- $(leaguefile.upload) -->

</main>
<!-- $(base.main) -->

<!-- ^(base.footer) -->
<footer class="border-top">
<div class="container text-center">
<small class="text-muted">Last reloaded: 06:02:30 PDT (1985-10-26)</small>
</div>
</footer>
<!-- $(base.footer) -->

<script src="https://code.jquery.com/jquery-3.2.1.slim.min.js"
        integrity="sha384-KJ3o2DKtIkvYIK3UENzmM7KCkRr/rE9/Qpg6aAZGJwFDMVNA/GpGFF93hXpG5KkN"
        crossorigin="anonymous"></script>
<script src="https://cdnjs.cloudflare.com/ajax/libs/popper.js/1.12.9/umd/popper.min.js"
        integrity="sha384-ApNbgh9B+Y1QKtv3Rn7W3mgPxhU9K/ScQsAP7hUibX39j7fakFPskvXusvfa0b4Q"
        crossorigin="anonymous"></script>
<script src="https://maxcdn.bootstrapcdn.com/bootstrap/4.0.0-beta.3/js/bootstrap.min.js"
        integrity="sha384-a5N7Y/aK3qNeh15eJKGWxsqtnX/wWdSZSKp+81YjTmS15nvnvxKHuzaWwXHDli+4"
        crossorigin="anonymous"></script>
<script>
$('.navbar-toggler').one('click', function(e) {
  setTimeout(function() {
    var height = $('header').height() + 1;
    var css = '<style> .anchor.offset { padding-top: %spx; margin-top: -%spx; } </style>';
    $(css.replace(/%s/g, height)).appendTo('head');
  }, 500);
});
$('.navbar-toggler').on('click', function(e) {
  $('.anchor').toggleClass('offset');
});
</script>


</body>

</html>