<!doctype html>
<html lang="en">

<head>

<meta charset="utf-8">
<meta name="viewport" content="width=device-width, initial-scale=1, shrink-to-fit=no">
<link rel="apple-touch-icon" sizes="120x120" href="/apple-touch-icon.png">
<link rel="icon" type="image/png" sizes="32x32" href="/favicon-32x32.png">
<link rel="icon" type="image/png" sizes="16x16" href="/favicon-16x16.png">
<link rel="manifest" href="/site.webmanifest">
<meta name="msapplication-TileColor" content="#dfe3e7">
<meta name="theme-color" content="#dfe3e7">
<link rel="stylesheet"
      href="https://maxcdn.bootstrapcdn.com/bootstrap/4.0.0/css/bootstrap.min.css"
      integrity="sha384-Gn5384xqQ1aoWXA+058RXPxPg6fy4IWvTNh0E263XmFcJlSAwiGgFAW/dAiS6JXm"
      crossorigin="anonymous">
<link rel="stylesheet"
      href="https://cdnjs.cloudflare.com/ajax/libs/open-iconic/1.1.1/font/css/open-iconic-bootstrap.min.css">
<title>Fairylab · oldgameday » Diamondbacks at Dodgers, 10/09/2022</title>

<style>
html {
  position: relative;
  min-height: 100%;
}
header {
  background-color: #f5f5f5;
  width: 100%;
}
a.disabled{
  pointer-events: none;
  cursor: default;
}
.alert, .dropdown-toggle, .form-control {
  padding: .75rem;
}
.alert .oi {
  line-height: 24px;
  padding-right: .75rem;
}
.anchor {
  padding-top: 0px;
  margin-top: 0px;
  transition: padding-top .35s ease, margin-top .35s ease;
}
.badge-icon {
  border: 1px solid #dee2e6;
  font-weight: 400!important;
  font-size: 80%;
  padding: .25rem .5rem;
  white-space: normal;
  width: 100%;
}
.badge-icon[data-toggle="modal"]:hover {
  background-color: #f5f5f5;
  cursor: pointer;
}
button.close {
  height: 16px;
  line-height: 16px;
  width: 16px;
}
.dropdown-toggle {
  color: #6c767c;
}
.flex-grow {
  flex-grow: 1;
}
.grayscale {
  -webkit-filter: grayscale(1) opacity(0.5);
  filter: grayscale(1) opacity(0.5);
}
.head {
  border-left: 1px solid transparent;
  border-right: 1px solid transparent;
  padding-left: .75rem;
  padding-right: .75rem;
}
.h-72p {
  height: 72px;
}
.lt-10p {
  left: 10px;
  top: 10px;
}
.mr-8p {
  margin-right: 8px;
}
.nav-pills {
  overflow-x: auto;
  overflow-y: hidden;
}
.navbar {
  padding: 0;
}
.nav-pills .nav-item {
  margin: 0 .25rem;
  min-width: 32px;
  text-align: center;
}
.nav-pills .nav-link {
  padding: .25rem 0;
}
.nav-pills .nav-link:not(.active) {
  border: 1px solid #dee2e6;
}
.rt-10p {
  right: 10px;
  top: 10px;
}
.right-8p {
  right: 8px;
}
.table {
  margin-bottom: 0;
  word-break: break-word;
}
.table .thead-light td {
  background-color: #f5f5f5;
}
.table-fixed {
  table-layout: fixed;
}
.small.table td {
  padding: .5rem;
}
.small.table td:first-child {
  padding-left: .75rem;
}
.small.table td:last-child {
  padding-right: .75rem;
}
.small.topper {
  font-size: 90%;
}
.table.collapse.show {
  display: table;
}
.text-underline {
  text-decoration: underline;
}
.w-10 {
  width: 10%;
}
.w-20 {
  width: 20%;
}
.w-40 {
  width: 40%;
}
.w-24p {
  width: 24px;
}
.w-28p {
  width: 28px;
}
.w-32p {
  width: 32px;
}
.w-40p {
  width: 40px;
}
.w-50p {
  width: 50px;
}
.w-65p {
  width: 65px;
}
.w-75p {
  width: 75px;
}
.w-105p {
  width: 105px;
}
.d-inline-block-sm-lg {
  display: block;
  margin-left: auto;
  margin-right: auto;
}
.td-sm-none,
.td-md-none,
.td-lg-none {
  display: none;
}
@media (min-width: 576px) {
  body.modal-open header {
    margin-right: 0!important;
    padding-right: 0!important;
  }
  .d-inline-block-sm-lg {
    display: inline-block;
  }
  .td-sm-none {
    display: table-cell;
  }
}
@media (min-width: 768px) {
  .d-inline-block-sm-lg {
    display: block;
  }
  .modal-dialog {
    max-width: 650px; 
  }
  .td-md-none {
    display: table-cell;
  }
}
@media (min-width: 992px) {
  .d-inline-block-sm-lg {
    display: inline-block;
  }
  .modal-dialog {
    max-width: 800px; 
  }
  .td-lg-none {
    display: table-cell;
  }
}
</style>
</head>

<body>

<!-- ^(base.header) -->
<header class="border-bottom sticky-top">
<div class="container">
<div class="head position-relative py-2">
<img src="https://fairylab.surge.sh/favicon-32x32.png"
     width="16" height="16" border="0" class="position-absolute lt-10p">
<div class="small text-secondary pl-4">oldgameday » Diamondbacks at Dodgers, 10/09/2022 &nbsp;|&nbsp; 06:02:30 PDT (1985-10-26)</div>
</div>
</div>
</header>
<!-- $(base.header) -->

<!-- ^(base.main) -->
<main role="main" class="pt-3">

<!-- ^(game.container) -->
<div class="container">

<!-- ^(game.row) -->
<div class="row">

<!-- ^(game.column) -->
<div class="col-12">

<!-- ^(common.tabs) -->

<!-- ^(common.tabs.tabs) -->
<ul class="nav nav- flex-nowrap mt-3"    role="tablist">

<li class="nav-item">
<a class="nav-link active" id="log-tab" data-toggle="tab"
   href="#log" role="tab" aria-controls="raw" aria-selected="true">
Game Log
</a>
</li>

<li class="nav-item">
<a class="nav-link" id="schedule-tab" data-toggle="tab"
   href="#schedule" role="tab" aria-controls="raw" aria-selected="true">
Schedule
</a>
</li>

</ul>
<!-- $(common.tabs.tabs) -->

<!-- ^(common.tabs.content) -->
<div class="tab-content">

<div class="tab-pane fade show active" id="log"
     role="tabpanel" aria-labelledby="log-tab">

<!-- ^(common.tabs.content.tables) -->
<!-- ^(common.table) -->
<table class="small table border mt-3">

<!-- ^(common.table.head) -->
<thead class="thead-light">
<tr>
<td scope="col" colspan="2">Arizona Diamondbacks batting - Pitching for Los Angeles Dodgers : LHP 101</td>
</tr>
</thead>
<!-- $(common.table.head) -->

<!-- ^(common.table.body) -->
<tbody>
<tr>
<td scope="row" class="w-50">Batting: SHB 102</td>
<td class="w-50">0-0: Ball</td>
</tr>
<tr>
<td scope="row" class="w-50"></td>
<td class="w-50">103 to second</td>
</tr>
</tbody>
<!-- $(common.table.body) -->

<!-- ^(common.table.foot) -->
<tfoot class="thead-light">
<tr>
<td scope="col" colspan="2">0 run(s), 0 hit(s), 0 error(s), 0 left on base</td>
</tr>
</tfoot>
<!-- $(common.table.foot) -->

</table>
<!-- $(common.table) -->

<!-- $(common.tabs.content.tables) -->

<!-- ^(common.tabs.content.tabs) -->
<!-- $(common.tabs.content.tabs) -->
</div>

<div class="tab-pane fade show" id="schedule"
     role="tabpanel" aria-labelledby="schedule-tab">

<!-- ^(common.tabs.content.tables) -->
<!-- ^(common.table) -->
<table class="small table table-fixed border border-bottom-0 mt-3">

<!-- ^(common.table.head) -->
<thead class="thead-light">
<tr>
<td scope="col">Arizona Diamondbacks</td>
</tr>
</thead>
<!-- $(common.table.head) -->

</table>
<!-- $(common.table) -->

<!-- ^(common.table) -->
<table class="small table table-fixed border collapse"id="schedule-t31">

<!-- ^(common.table.body) -->
<tbody>
<tr>
<td scope="row"><span class="text-secondary">10/09/2022 @ Los Angeles Dodgers</span></td>
</tr>
<tr>
<td scope="row"><a href="/oldgameday/1000/">10/10/2022 @ Los Angeles Dodgers</a></td>
</tr>
<tr>
<td scope="row"><a href="/oldgameday/2000/">10/11/2022 @ Los Angeles Dodgers</a></td>
</tr>
</tbody>
<!-- $(common.table.body) -->

</table>
<!-- $(common.table) -->

<!-- ^(common.table) -->
<table class="small table table-fixed border border-bottom-0 mt-3">

<!-- ^(common.table.head) -->
<thead class="thead-light">
<tr>
<td scope="col">Los Angeles Dodgers</td>
</tr>
</thead>
<!-- $(common.table.head) -->

</table>
<!-- $(common.table) -->

<!-- ^(common.table) -->
<table class="small table table-fixed border collapse"id="schedule-t45">

<!-- ^(common.table.body) -->
<tbody>
<tr>
<td scope="row"><span class="text-secondary">10/09/2022 v Arizona Diamondbacks</span></td>
</tr>
<tr>
<td scope="row"><a href="/oldgameday/1000/">10/10/2022 v Arizona Diamondbacks</a></td>
</tr>
<tr>
<td scope="row"><a href="/oldgameday/2000/">10/11/2022 v Arizona Diamondbacks</a></td>
</tr>
</tbody>
<!-- $(common.table.body) -->

</table>
<!-- $(common.table) -->

<!-- $(common.tabs.content.tables) -->

<!-- ^(common.tabs.content.tabs) -->
<!-- $(common.tabs.content.tabs) -->
</div>

</div>
<!-- $(common.tabs.content) -->

<!-- $(common.tabs) -->

</div>
<!-- ^(game.column) -->

</div>
<!-- ^(game.row) -->

</div>
<!-- $(game.container) -->

</main>
<!-- $(base.main) -->

<script src="https://code.jquery.com/jquery-3.2.1.slim.min.js"
        integrity="sha384-KJ3o2DKtIkvYIK3UENzmM7KCkRr/rE9/Qpg6aAZGJwFDMVNA/GpGFF93hXpG5KkN"
        crossorigin="anonymous"></script>
<script src="https://cdnjs.cloudflare.com/ajax/libs/popper.js/1.12.9/umd/popper.min.js"
        integrity="sha384-ApNbgh9B+Y1QKtv3Rn7W3mgPxhU9K/ScQsAP7hUibX39j7fakFPskvXusvfa0b4Q"
        crossorigin="anonymous"></script>
<script src="https://maxcdn.bootstrapcdn.com/bootstrap/4.0.0-beta.3/js/bootstrap.min.js"
        integrity="sha384-a5N7Y/aK3qNeh15eJKGWxsqtnX/wWdSZSKp+81YjTmS15nvnvxKHuzaWwXHDli+4"
        crossorigin="anonymous"></script>


</body>

</html>